Archive member included to satisfy reference by file (symbol)

.\CortexM3\ARM_GCC_541\Debug\Display_count.a(CyLib.o)
                              .\CortexM3\ARM_GCC_541\Debug\Cm3Start.o (CyHalt)
.\CortexM3\ARM_GCC_541\Debug\Display_count.a(cyPm.o)
                              .\CortexM3\ARM_GCC_541\Debug\Display_count.a(CyLib.o) (CyPmReadStatus)
.\CortexM3\ARM_GCC_541\Debug\Display_count.a(I2C_DISPLAY.o)
                              .\CortexM3\ARM_GCC_541\Debug\main.o (I2C_DISPLAY_Start)
.\CortexM3\ARM_GCC_541\Debug\Display_count.a(I2C_DISPLAY_INT.o)
                              .\CortexM3\ARM_GCC_541\Debug\Display_count.a(I2C_DISPLAY.o) (I2C_DISPLAY_ISR)
.\CortexM3\ARM_GCC_541\Debug\Display_count.a(I2C_DISPLAY_MASTER.o)
                              .\CortexM3\ARM_GCC_541\Debug\Display_count.a(I2C_DISPLAY.o) (I2C_DISPLAY_mstrStatus)
.\CortexM3\ARM_GCC_541\Debug\Display_count.a(CyBootAsmGnu.o)
                              .\CortexM3\ARM_GCC_541\Debug\main.o (CyDelayCycles)
.\CortexM3\ARM_GCC_541\Debug\Display_count.a(CyFlash.o)
                              .\CortexM3\ARM_GCC_541\Debug\Display_count.a(cyPm.o) (CyFlash_SetWaitCycles)
.\CortexM3\ARM_GCC_541\Debug\Display_count.a(CySpc.o)
                              .\CortexM3\ARM_GCC_541\Debug\Display_count.a(CyFlash.o) (CySpcStart)
c:/program files (x86)/cypress/psoc creator/4.4/psoc creator/import/gnu/arm/5.4.1/bin/../lib/gcc/arm-none-eabi/5.4.1/../../../../arm-none-eabi/lib/armv7-m\libg_nano.a(lib_a-errno.o)
                              .\CortexM3\ARM_GCC_541\Debug\Cm3Start.o (__errno)
c:/program files (x86)/cypress/psoc creator/4.4/psoc creator/import/gnu/arm/5.4.1/bin/../lib/gcc/arm-none-eabi/5.4.1/../../../../arm-none-eabi/lib/armv7-m\libg_nano.a(lib_a-exit.o)
                              c:/program files (x86)/cypress/psoc creator/4.4/psoc creator/import/gnu/arm/5.4.1/bin/../lib/gcc/arm-none-eabi/5.4.1/../../../../arm-none-eabi/lib/armv7-m/crt0.o (exit)
c:/program files (x86)/cypress/psoc creator/4.4/psoc creator/import/gnu/arm/5.4.1/bin/../lib/gcc/arm-none-eabi/5.4.1/../../../../arm-none-eabi/lib/armv7-m\libg_nano.a(lib_a-impure.o)
                              c:/program files (x86)/cypress/psoc creator/4.4/psoc creator/import/gnu/arm/5.4.1/bin/../lib/gcc/arm-none-eabi/5.4.1/../../../../arm-none-eabi/lib/armv7-m\libg_nano.a(lib_a-exit.o) (_global_impure_ptr)
c:/program files (x86)/cypress/psoc creator/4.4/psoc creator/import/gnu/arm/5.4.1/bin/../lib/gcc/arm-none-eabi/5.4.1/../../../../arm-none-eabi/lib/armv7-m\libg_nano.a(lib_a-init.o)
                              c:/program files (x86)/cypress/psoc creator/4.4/psoc creator/import/gnu/arm/5.4.1/bin/../lib/gcc/arm-none-eabi/5.4.1/../../../../arm-none-eabi/lib/armv7-m/crt0.o (__libc_init_array)
c:/program files (x86)/cypress/psoc creator/4.4/psoc creator/import/gnu/arm/5.4.1/bin/../lib/gcc/arm-none-eabi/5.4.1/../../../../arm-none-eabi/lib/armv7-m\libg_nano.a(lib_a-memset.o)
                              c:/program files (x86)/cypress/psoc creator/4.4/psoc creator/import/gnu/arm/5.4.1/bin/../lib/gcc/arm-none-eabi/5.4.1/../../../../arm-none-eabi/lib/armv7-m/crt0.o (memset)
c:/program files (x86)/cypress/psoc creator/4.4/psoc creator/import/gnu/arm/5.4.1/bin/../lib/gcc/arm-none-eabi/5.4.1/../../../../arm-none-eabi/lib/armv7-m\libg_nano.a(lib_a-putchar.o)
                              .\CortexM3\ARM_GCC_541\Debug\u8x8_d_stdio.o (putchar)
c:/program files (x86)/cypress/psoc creator/4.4/psoc creator/import/gnu/arm/5.4.1/bin/../lib/gcc/arm-none-eabi/5.4.1/../../../../arm-none-eabi/lib/armv7-m\libg_nano.a(lib_a-findfp.o)
                              c:/program files (x86)/cypress/psoc creator/4.4/psoc creator/import/gnu/arm/5.4.1/bin/../lib/gcc/arm-none-eabi/5.4.1/../../../../arm-none-eabi/lib/armv7-m\libg_nano.a(lib_a-putchar.o) (__sinit)
c:/program files (x86)/cypress/psoc creator/4.4/psoc creator/import/gnu/arm/5.4.1/bin/../lib/gcc/arm-none-eabi/5.4.1/../../../../arm-none-eabi/lib/armv7-m\libg_nano.a(lib_a-fwalk.o)
                              c:/program files (x86)/cypress/psoc creator/4.4/psoc creator/import/gnu/arm/5.4.1/bin/../lib/gcc/arm-none-eabi/5.4.1/../../../../arm-none-eabi/lib/armv7-m\libg_nano.a(lib_a-findfp.o) (_fwalk)
c:/program files (x86)/cypress/psoc creator/4.4/psoc creator/import/gnu/arm/5.4.1/bin/../lib/gcc/arm-none-eabi/5.4.1/../../../../arm-none-eabi/lib/armv7-m\libg_nano.a(lib_a-nano-mallocr.o)
                              c:/program files (x86)/cypress/psoc creator/4.4/psoc creator/import/gnu/arm/5.4.1/bin/../lib/gcc/arm-none-eabi/5.4.1/../../../../arm-none-eabi/lib/armv7-m\libg_nano.a(lib_a-findfp.o) (_malloc_r)
c:/program files (x86)/cypress/psoc creator/4.4/psoc creator/import/gnu/arm/5.4.1/bin/../lib/gcc/arm-none-eabi/5.4.1/../../../../arm-none-eabi/lib/armv7-m\libg_nano.a(lib_a-putc.o)
[...]
Memory Configuration

Name             Origin             Length             Attributes
rom              0x00000000         0x00040000         xr
ram              0x1fff8000         0x00010000         xrw
*default*        0x00000000         0xffffffff

Linker script and memory map

LOAD c:/program files (x86)/cypress/psoc creator/4.4/psoc creator/import/gnu/arm/5.4.1/bin/../lib/gcc/arm-none-eabi/5.4.1/armv7-m/crti.o
LOAD c:/program files (x86)/cypress/psoc creator/4.4/psoc creator/import/gnu/arm/5.4.1/bin/../lib/gcc/arm-none-eabi/5.4.1/armv7-m/crtbegin.o
LOAD c:/program files (x86)/cypress/psoc creator/4.4/psoc creator/import/gnu/arm/5.4.1/bin/../lib/gcc/arm-none-eabi/5.4.1/../../../../arm-none-eabi/lib/armv7-m/crt0.o
START GROUP
LOAD .\CortexM3\ARM_GCC_541\Debug\u8g2_bitmap.o
LOAD .\CortexM3\ARM_GCC_541\Debug\u8g2_box.o
LOAD .\CortexM3\ARM_GCC_541\Debug\u8g2_buffer.o
LOAD .\CortexM3\ARM_GCC_541\Debug\u8g2_button.o
LOAD .\CortexM3\ARM_GCC_541\Debug\u8g2_circle.o
LOAD .\CortexM3\ARM_GCC_541\Debug\u8g2_cleardisplay.o
LOAD .\CortexM3\ARM_GCC_541\Debug\u8g2_d_memory.o
LOAD .\CortexM3\ARM_GCC_541\Debug\u8g2_d_setup.o
LOAD .\CortexM3\ARM_GCC_541\Debug\u8g2_font.o
LOAD .\CortexM3\ARM_GCC_541\Debug\u8g2_hvline.o
LOAD .\CortexM3\ARM_GCC_541\Debug\u8g2_input_value.o
LOAD .\CortexM3\ARM_GCC_541\Debug\u8g2_intersection.o
LOAD .\CortexM3\ARM_GCC_541\Debug\u8g2_kerning.o
LOAD .\CortexM3\ARM_GCC_541\Debug\u8g2_line.o
LOAD .\CortexM3\ARM_GCC_541\Debug\u8g2_ll_hvline.o
LOAD .\CortexM3\ARM_GCC_541\Debug\u8g2_message.o
LOAD .\CortexM3\ARM_GCC_541\Debug\u8g2_polygon.o
LOAD .\CortexM3\ARM_GCC_541\Debug\u8g2_selection_list.o
LOAD .\CortexM3\ARM_GCC_541\Debug\u8g2_setup.o
LOAD .\CortexM3\ARM_GCC_541\Debug\u8log.o
LOAD .\CortexM3\ARM_GCC_541\Debug\u8log_u8g2.o
LOAD .\CortexM3\ARM_GCC_541\Debug\u8log_u8x8.o
LOAD .\CortexM3\ARM_GCC_541\Debug\u8x8_8x8.o
LOAD .\CortexM3\ARM_GCC_541\Debug\u8x8_byte.o
LOAD .\CortexM3\ARM_GCC_541\Debug\u8x8_cad.o
LOAD .\CortexM3\ARM_GCC_541\Debug\u8x8_capture.o
LOAD .\CortexM3\ARM_GCC_541\Debug\u8x8_d_a2printer.o
LOAD .\CortexM3\ARM_GCC_541\Debug\u8x8_d_gp1247ai.o
LOAD .\CortexM3\ARM_GCC_541\Debug\u8x8_d_gp1287ai.o
LOAD .\CortexM3\ARM_GCC_541\Debug\u8x8_d_gu800.o
LOAD .\CortexM3\ARM_GCC_541\Debug\u8x8_d_hd44102.o
LOAD .\CortexM3\ARM_GCC_541\Debug\u8x8_d_il3820_296x128.o
LOAD .\CortexM3\ARM_GCC_541\Debug\u8x8_d_ist3020.o
LOAD .\CortexM3\ARM_GCC_541\Debug\u8x8_d_ist3088.o
LOAD .\CortexM3\ARM_GCC_541\Debug\u8x8_d_ist7920.o
LOAD .\CortexM3\ARM_GCC_541\Debug\u8x8_d_ks0108.o
LOAD .\CortexM3\ARM_GCC_541\Debug\u8x8_d_lc7981.o
LOAD .\CortexM3\ARM_GCC_541\Debug\u8x8_d_ld7032_60x32.o
LOAD .\CortexM3\ARM_GCC_541\Debug\u8x8_d_ls013b7dh03.o
LOAD .\CortexM3\ARM_GCC_541\Debug\u8x8_d_max7219.o
LOAD .\CortexM3\ARM_GCC_541\Debug\u8x8_d_pcd8544_84x48.o
LOAD .\CortexM3\ARM_GCC_541\Debug\u8x8_d_pcf8812.o
LOAD .\CortexM3\ARM_GCC_541\Debug\u8x8_d_pcf8814_hx1230.o
LOAD .\CortexM3\ARM_GCC_541\Debug\u8x8_d_s1d15e06.o
LOAD .\CortexM3\ARM_GCC_541\Debug\u8x8_d_s1d15721.o
LOAD .\CortexM3\ARM_GCC_541\Debug\u8x8_d_sbn1661.o
LOAD .\CortexM3\ARM_GCC_541\Debug\u8x8_d_sed1330.o
LOAD .\CortexM3\ARM_GCC_541\Debug\u8x8_d_sh1106_64x32.o
LOAD .\CortexM3\ARM_GCC_541\Debug\u8x8_d_sh1106_72x40.o
LOAD .\CortexM3\ARM_GCC_541\Debug\u8x8_d_sh1107.o
LOAD .\CortexM3\ARM_GCC_541\Debug\u8x8_d_sh1108.o
LOAD .\CortexM3\ARM_GCC_541\Debug\u8x8_d_sh1122.o
LOAD .\CortexM3\ARM_GCC_541\Debug\u8x8_d_ssd1305.o
LOAD .\CortexM3\ARM_GCC_541\Debug\u8x8_d_ssd1306_48x64.o
LOAD .\CortexM3\ARM_GCC_541\Debug\u8x8_d_ssd1306_64x32.o
LOAD .\CortexM3\ARM_GCC_541\Debug\u8x8_d_ssd1306_64x48.o
LOAD .\CortexM3\ARM_GCC_541\Debug\u8x8_d_ssd1306_72x40.o
LOAD .\CortexM3\ARM_GCC_541\Debug\u8x8_d_ssd1306_96x16.o
LOAD .\CortexM3\ARM_GCC_541\Debug\u8x8_d_ssd1306_96x40.o
LOAD .\CortexM3\ARM_GCC_541\Debug\u8x8_d_ssd1306_128x32.o
LOAD .\CortexM3\ARM_GCC_541\Debug\u8x8_d_ssd1306_128x64_noname.o
LOAD .\CortexM3\ARM_GCC_541\Debug\u8x8_d_ssd1306_2040x16.o
LOAD .\CortexM3\ARM_GCC_541\Debug\u8x8_d_ssd1309.o
LOAD .\CortexM3\ARM_GCC_541\Debug\u8x8_d_ssd1316.o
LOAD .\CortexM3\ARM_GCC_541\Debug\u8x8_d_ssd1317.o
LOAD .\CortexM3\ARM_GCC_541\Debug\u8x8_d_ssd1318.o
LOAD .\CortexM3\ARM_GCC_541\Debug\u8x8_d_ssd1320.o
LOAD .\CortexM3\ARM_GCC_541\Debug\u8x8_d_ssd1322.o
LOAD .\CortexM3\ARM_GCC_541\Debug\u8x8_d_ssd1325.o
LOAD .\CortexM3\ARM_GCC_541\Debug\u8x8_d_ssd1326.o
LOAD .\CortexM3\ARM_GCC_541\Debug\u8x8_d_ssd1327.o
LOAD .\CortexM3\ARM_GCC_541\Debug\u8x8_d_ssd1329.o
LOAD .\CortexM3\ARM_GCC_541\Debug\u8x8_d_ssd1606_172x72.o
LOAD .\CortexM3\ARM_GCC_541\Debug\u8x8_d_ssd1607_200x200.o
LOAD .\CortexM3\ARM_GCC_541\Debug\u8x8_d_st7511.o
LOAD .\CortexM3\ARM_GCC_541\Debug\u8x8_d_st7528.o
LOAD .\CortexM3\ARM_GCC_541\Debug\u8x8_d_st7565.o
LOAD .\CortexM3\ARM_GCC_541\Debug\u8x8_d_st7567.o
LOAD .\CortexM3\ARM_GCC_541\Debug\u8x8_d_st7571.o
LOAD .\CortexM3\ARM_GCC_541\Debug\u8x8_d_st7586s_erc240160.o
LOAD .\CortexM3\ARM_GCC_541\Debug\u8x8_d_st7586s_jlx384160.o
LOAD .\CortexM3\ARM_GCC_541\Debug\u8x8_d_st7586s_s028hn118a.o
LOAD .\CortexM3\ARM_GCC_541\Debug\u8x8_d_st7586s_ymc240160.o
LOAD .\CortexM3\ARM_GCC_541\Debug\u8x8_d_st7588.o
LOAD .\CortexM3\ARM_GCC_541\Debug\u8x8_d_st7920.o
LOAD .\CortexM3\ARM_GCC_541\Debug\u8x8_d_st75160.o
LOAD .\CortexM3\ARM_GCC_541\Debug\u8x8_d_st75256.o
LOAD .\CortexM3\ARM_GCC_541\Debug\u8x8_d_st75320.o
LOAD .\CortexM3\ARM_GCC_541\Debug\u8x8_d_stdio.o
LOAD .\CortexM3\ARM_GCC_541\Debug\u8x8_d_t6963.o
LOAD .\CortexM3\ARM_GCC_541\Debug\u8x8_d_uc1601.o
LOAD .\CortexM3\ARM_GCC_541\Debug\u8x8_d_uc1604.o
LOAD .\CortexM3\ARM_GCC_541\Debug\u8x8_d_uc1608.o
LOAD .\CortexM3\ARM_GCC_541\Debug\u8x8_d_uc1609.o
LOAD .\CortexM3\ARM_GCC_541\Debug\u8x8_d_uc1610.o
LOAD .\CortexM3\ARM_GCC_541\Debug\u8x8_d_uc1611.o
LOAD .\CortexM3\ARM_GCC_541\Debug\u8x8_d_uc1617.o
LOAD .\CortexM3\ARM_GCC_541\Debug\u8x8_d_uc1638.o
LOAD .\CortexM3\ARM_GCC_541\Debug\u8x8_d_uc1701_dogs102.o
LOAD .\CortexM3\ARM_GCC_541\Debug\u8x8_d_uc1701_mini12864.o
LOAD .\CortexM3\ARM_GCC_541\Debug\u8x8_debounce.o
LOAD .\CortexM3\ARM_GCC_541\Debug\u8x8_display.o
LOAD .\CortexM3\ARM_GCC_541\Debug\u8x8_gpio.o
LOAD .\CortexM3\ARM_GCC_541\Debug\u8x8_input_value.o
LOAD .\CortexM3\ARM_GCC_541\Debug\u8x8_message.o
LOAD .\CortexM3\ARM_GCC_541\Debug\u8x8_selection_list.o
LOAD .\CortexM3\ARM_GCC_541\Debug\u8x8_setup.o
LOAD .\CortexM3\ARM_GCC_541\Debug\u8x8_string.o
LOAD .\CortexM3\ARM_GCC_541\Debug\u8x8_u8toa.o
LOAD .\CortexM3\ARM_GCC_541\Debug\u8x8_u16toa.o
LOAD .\CortexM3\ARM_GCC_541\Debug\u8x8_fontDisplay.o
LOAD .\CortexM3\ARM_GCC_541\Debug\main.o
LOAD .\CortexM3\ARM_GCC_541\Debug\cyfitter_cfg.o
LOAD .\CortexM3\ARM_GCC_541\Debug\cymetadata.o
LOAD .\CortexM3\ARM_GCC_541\Debug\Cm3Start.o
LOAD .\CortexM3\ARM_GCC_541\Debug\Display_count.a
LOAD C:\Program Files (x86)\Cypress\PSoC Creator\4.4\PSoC Creator\psoc\content\cycomponentlibrary\CyComponentLibrary.cylib\CortexM3\ARM_GCC_541\Debug\CyComponentLibrary.a
END GROUP
START GROUP
LOAD c:/program files (x86)/cypress/psoc creator/4.4/psoc creator/import/gnu/arm/5.4.1/bin/../lib/gcc/arm-none-eabi/5.4.1/armv7-m\libgcc.a
LOAD c:/program files (x86)/cypress/psoc creator/4.4/psoc creator/import/gnu/arm/5.4.1/bin/../lib/gcc/arm-none-eabi/5.4.1/../../../../arm-none-eabi/lib/armv7-m\libg_nano.a
LOAD c:/program files (x86)/cypress/psoc creator/4.4/psoc creator/import/gnu/arm/5.4.1/bin/../lib/gcc/arm-none-eabi/5.4.1/../../../../arm-none-eabi/lib/armv7-m\libc_nano.a
END GROUP
START GROUP
LOAD c:/program files (x86)/cypress/psoc creator/4.4/psoc creator/import/gnu/arm/5.4.1/bin/../lib/gcc/arm-none-eabi/5.4.1/armv7-m\libgcc.a
LOAD c:/program files (x86)/cypress/psoc creator/4.4/psoc creator/import/gnu/arm/5.4.1/bin/../lib/gcc/arm-none-eabi/5.4.1/../../../../arm-none-eabi/lib/armv7-m\libc_nano.a
END GROUP
LOAD c:/program files (x86)/cypress/psoc creator/4.4/psoc creator/import/gnu/arm/5.4.1/bin/../lib/gcc/arm-none-eabi/5.4.1/armv7-m/crtend.o
LOAD c:/program files (x86)/cypress/psoc creator/4.4/psoc creator/import/gnu/arm/5.4.1/bin/../lib/gcc/arm-none-eabi/5.4.1/armv7-m/crtn.o
START GROUP
LOAD c:/program files (x86)/cypress/psoc creator/4.4/psoc creator/import/gnu/arm/5.4.1/bin/../lib/gcc/arm-none-eabi/5.4.1/armv7-m\libgcc.a
LOAD c:/program files (x86)/cypress/psoc creator/4.4/psoc creator/import/gnu/arm/5.4.1/bin/../lib/gcc/arm-none-eabi/5.4.1/../../../../arm-none-eabi/lib/armv7-m\libc.a
LOAD c:/program files (x86)/cypress/psoc creator/4.4/psoc creator/import/gnu/arm/5.4.1/bin/../lib/gcc/arm-none-eabi/5.4.1/../../../../arm-none-eabi/lib/armv7-m\libnosys.a
END GROUP
                0x00000000                CY_APPL_ORIGIN = 0x0
                0x00000100                CY_FLASH_ROW_SIZE = 0x100
                0x00000020                CY_ECC_ROW_SIZE = 0x20
                0x00000000                CY_EE_IN_BTLDR = 0x0
                0x00000000                CY_APPL_LOADABLE = 0x0
                0x00000800                CY_EE_SIZE = 0x800
                0x00000001                CY_APPL_NUM = 0x1
                0x00000001                CY_APPL_MAX = 0x1
                0x00000040                CY_METADATA_SIZE = 0x40
                0x00000000                CY_APPL_LOADABLE = 0x0
                0x00000000                CY_CHECKSUM_EXCLUDE_SIZE = ALIGN (0x0, CY_FLASH_ROW_SIZE)
                [!provide]                PROVIDE (__cy_heap_start, _end)
                0x00000001                PROVIDE (__cy_region_num, ((__cy_regions_end - __cy_regions) / 0x10))
                0x20008000                PROVIDE (__cy_stack, (ORIGIN (ram) + LENGTH (ram)))
                [!provide]                PROVIDE (__cy_heap_end, (__cy_stack - 0x800))

.cybootloader   0x00000000        0x0
 *(.cybootloader)
                0x00000000                appl1_start = CY_APPL_ORIGIN?CY_APPL_ORIGIN:ALIGN (CY_FLASH_ROW_SIZE)
                0x0001ff00                appl2_start = (appl1_start + ALIGN ((((LENGTH (rom) - appl1_start) - (0x2 * CY_FLASH_ROW_SIZE)) / 0x2), CY_FLASH_ROW_SIZE))
                0x00000000                appl_start = (CY_APPL_NUM == 0x1)?appl1_start:appl2_start
                0x00000000                ecc_offset = ((appl_start / CY_FLASH_ROW_SIZE) * CY_ECC_ROW_SIZE)
                0x00000000                ee_offset = (CY_APPL_LOADABLE && ! (CY_EE_IN_BTLDR))?((CY_EE_SIZE / CY_APPL_MAX) * (CY_APPL_NUM - 0x1)):0x0
                0x00000800                ee_size = (CY_APPL_LOADABLE && ! (CY_EE_IN_BTLDR))?(CY_EE_SIZE / CY_APPL_MAX):CY_EE_SIZE
                [!provide]                PROVIDE (CY_ECC_OFFSET, ecc_offset)

.text           0x00000000      0xed8
 CREATE_OBJECT_SYMBOLS
                0x00000000                PROVIDE (__cy_interrupt_vector, RomVectors)
 *(.romvectors)
 .romvectors    0x00000000       0x10 .\CortexM3\ARM_GCC_541\Debug\Cm3Start.o
                0x00000000                RomVectors
                0x00000001                ASSERT ((. != __cy_interrupt_vector), No interrupt vector)
                0x00000001                ASSERT (CY_APPL_ORIGIN?(SIZEOF (.cybootloader) <= CY_APPL_ORIGIN):0x1, Wrong image location)
                0x00000010                PROVIDE (__cy_reset, Reset)
 *(.text.Reset)
 .text.Reset    0x00000010       0x18 .\CortexM3\ARM_GCC_541\Debug\Cm3Start.o
                0x00000010                Reset
                0x00000001                ASSERT ((. != __cy_reset), No reset code)
 *(.dma_init)
                0x00000001                ASSERT ((((appl_start + .) <= 0x10000) || 0x1), DMA Init must be within the first 64k of flash)
 *(.text .text.* .gnu.linkonce.t.*)
 .text          0x00000028       0x5c c:/program files (x86)/cypress/psoc creator/4.4/psoc creator/import/gnu/arm/5.4.1/bin/../lib/gcc/arm-none-eabi/5.4.1/armv7-m/crtbegin.o
 .text.u8x8_get_glyph_data
                0x00000084       0x6e .\CortexM3\ARM_GCC_541\Debug\u8x8_8x8.o
 .text.u8x8_ascii_next
                0x000000f2       0x10 .\CortexM3\ARM_GCC_541\Debug\u8x8_8x8.o
                0x000000f2                u8x8_ascii_next
 .text.u8x8_SetFont
                0x00000102        0x4 .\CortexM3\ARM_GCC_541\Debug\u8x8_8x8.o
                0x00000102                u8x8_SetFont
 .text.u8x8_DrawGlyph
                0x00000106       0x84 .\CortexM3\ARM_GCC_541\Debug\u8x8_8x8.o
                0x00000106                u8x8_DrawGlyph
 .text.u8x8_draw_string
                0x0000018a       0x4e .\CortexM3\ARM_GCC_541\Debug\u8x8_8x8.o
 .text.u8x8_DrawString
                0x000001d8       0x10 .\CortexM3\ARM_GCC_541\Debug\u8x8_8x8.o
                0x000001d8                u8x8_DrawString
 .text.u8x8_byte_SendBytes
                0x000001e8       0x10 .\CortexM3\ARM_GCC_541\Debug\u8x8_byte.o
                0x000001e8                u8x8_byte_SendBytes
 .text.u8x8_byte_SendByte
                0x000001f8       0x14 .\CortexM3\ARM_GCC_541\Debug\u8x8_byte.o
                0x000001f8                u8x8_byte_SendByte
 .text.u8x8_byte_StartTransfer
                0x0000020c       0x10 .\CortexM3\ARM_GCC_541\Debug\u8x8_byte.o
                0x0000020c                u8x8_byte_StartTransfer
 .text.u8x8_byte_EndTransfer
                0x0000021c       0x10 .\CortexM3\ARM_GCC_541\Debug\u8x8_byte.o
                0x0000021c                u8x8_byte_EndTransfer
 .text.u8x8_i2c_data_transfer
                0x0000022c       0x2a .\CortexM3\ARM_GCC_541\Debug\u8x8_cad.o
 .text.u8x8_cad_SendCmd
                0x00000256       0x10 .\CortexM3\ARM_GCC_541\Debug\u8x8_cad.o
                0x00000256                u8x8_cad_SendCmd
 .text.u8x8_cad_SendArg
                0x00000266       0x10 .\CortexM3\ARM_GCC_541\Debug\u8x8_cad.o
                0x00000266                u8x8_cad_SendArg
 .text.u8x8_cad_SendData
                0x00000276       0x10 .\CortexM3\ARM_GCC_541\Debug\u8x8_cad.o
                0x00000276                u8x8_cad_SendData
 .text.u8x8_cad_StartTransfer
                0x00000286       0x10 .\CortexM3\ARM_GCC_541\Debug\u8x8_cad.o
                0x00000286                u8x8_cad_StartTransfer
 .text.u8x8_cad_EndTransfer
                0x00000296       0x10 .\CortexM3\ARM_GCC_541\Debug\u8x8_cad.o
                0x00000296                u8x8_cad_EndTransfer
 .text.u8x8_cad_SendSequence
                0x000002a6       0x64 .\CortexM3\ARM_GCC_541\Debug\u8x8_cad.o
                0x000002a6                u8x8_cad_SendSequence
 .text.u8x8_cad_ssd13xx_i2c
                0x0000030a       0x7c .\CortexM3\ARM_GCC_541\Debug\u8x8_cad.o
                0x0000030a                u8x8_cad_ssd13xx_i2c
 *fill*         0x00000386        0x2 
 .text.u8x8_d_ssd1306_sh1106_generic
                0x00000388       0xd0 .\CortexM3\ARM_GCC_541\Debug\u8x8_d_ssd1306_128x64_noname.o
 .text.u8x8_d_ssd1306_128x64_noname
                0x00000458       0x38 .\CortexM3\ARM_GCC_541\Debug\u8x8_d_ssd1306_128x64_noname.o
                0x00000458                u8x8_d_ssd1306_128x64_noname
 .text.u8x8_d_helper_display_setup_memory
                0x00000490        0xa .\CortexM3\ARM_GCC_541\Debug\u8x8_display.o
                0x00000490                u8x8_d_helper_display_setup_memory
 .text.u8x8_d_helper_display_init
                0x0000049a       0x60 .\CortexM3\ARM_GCC_541\Debug\u8x8_display.o
                0x0000049a                u8x8_d_helper_display_init
 .text.u8x8_DrawTile
                0x000004fa       0x22 .\CortexM3\ARM_GCC_541\Debug\u8x8_display.o
                0x000004fa                u8x8_DrawTile
 .text.u8x8_SetupMemory
                0x0000051c       0x10 .\CortexM3\ARM_GCC_541\Debug\u8x8_display.o
                0x0000051c                u8x8_SetupMemory
 .text.u8x8_InitDisplay
                0x0000052c       0x10 .\CortexM3\ARM_GCC_541\Debug\u8x8_display.o
                0x0000052c                u8x8_InitDisplay
 .text.u8x8_SetPowerSave
                0x0000053c       0x10 .\CortexM3\ARM_GCC_541\Debug\u8x8_display.o
                0x0000053c                u8x8_SetPowerSave
 .text.u8x8_ClearDisplayWithTile
                0x0000054c       0x3c .\CortexM3\ARM_GCC_541\Debug\u8x8_display.o
                0x0000054c                u8x8_ClearDisplayWithTile
 .text.u8x8_ClearDisplay
                0x00000588       0x14 .\CortexM3\ARM_GCC_541\Debug\u8x8_display.o
                0x00000588                u8x8_ClearDisplay
 .text.u8x8_gpio_call
                0x0000059c        0xc .\CortexM3\ARM_GCC_541\Debug\u8x8_gpio.o
                0x0000059c                u8x8_gpio_call
 .text.u8x8_dummy_cb
                0x000005a8        0x4 .\CortexM3\ARM_GCC_541\Debug\u8x8_setup.o
                0x000005a8                u8x8_dummy_cb
 .text.u8x8_SetupDefaults
                0x000005ac       0x28 .\CortexM3\ARM_GCC_541\Debug\u8x8_setup.o
                0x000005ac                u8x8_SetupDefaults
 .text.u8x8_Setup
                0x000005d4       0x1c .\CortexM3\ARM_GCC_541\Debug\u8x8_setup.o
                0x000005d4                u8x8_Setup
 .text.psoc_gpio_and_delay_callback
                0x000005f0       0x28 .\CortexM3\ARM_GCC_541\Debug\main.o
                0x000005f0                psoc_gpio_and_delay_callback
 .text.u8x8_byte_hw_i2c
                0x00000618       0x48 .\CortexM3\ARM_GCC_541\Debug\main.o
                0x00000618                u8x8_byte_hw_i2c
 .text.startup.main
                0x00000660       0x84 .\CortexM3\ARM_GCC_541\Debug\main.o
                0x00000660                main
 .text.cyfitter_cfg
                0x000006e4      0x1b4 .\CortexM3\ARM_GCC_541\Debug\cyfitter_cfg.o
                0x000006e4                cyfitter_cfg
 .text.IntDefaultHandler
                0x00000898       0x10 .\CortexM3\ARM_GCC_541\Debug\Cm3Start.o
                0x00000898                IntDefaultHandler
 .text.Start_c  0x000008a8       0x50 .\CortexM3\ARM_GCC_541\Debug\Cm3Start.o
                0x000008a8                Start_c
 .text.startup.initialize_psoc
                0x000008f8       0x68 .\CortexM3\ARM_GCC_541\Debug\Cm3Start.o
                0x000008f8                initialize_psoc
 .text.CyHalt   0x00000960        0x4 .\CortexM3\ARM_GCC_541\Debug\Display_count.a(CyLib.o)
                0x00000960                CyHalt
 .text.CyDelay  0x00000964       0x2c .\CortexM3\ARM_GCC_541\Debug\Display_count.a(CyLib.o)
                0x00000964                CyDelay
 .text.CyDelayUs
                0x00000990       0x10 .\CortexM3\ARM_GCC_541\Debug\Display_count.a(CyLib.o)
                0x00000990                CyDelayUs
 .text.CyIntSetVector
                0x000009a0       0x20 .\CortexM3\ARM_GCC_541\Debug\Display_count.a(CyLib.o)
                0x000009a0                CyIntSetVector
 .text.CyIntSetPriority
                0x000009c0       0x20 .\CortexM3\ARM_GCC_541\Debug\Display_count.a(CyLib.o)
                0x000009c0                CyIntSetPriority
 .text.I2C_DISPLAY_Init
                0x000009e0       0x74 .\CortexM3\ARM_GCC_541\Debug\Display_count.a(I2C_DISPLAY.o)
                0x000009e0                I2C_DISPLAY_Init
 .text.I2C_DISPLAY_Enable
                0x00000a54       0x10 .\CortexM3\ARM_GCC_541\Debug\Display_count.a(I2C_DISPLAY.o)
                0x00000a54                I2C_DISPLAY_Enable
 .text.I2C_DISPLAY_Start
                0x00000a64       0x24 .\CortexM3\ARM_GCC_541\Debug\Display_count.a(I2C_DISPLAY.o)
                0x00000a64                I2C_DISPLAY_Start
 .text.I2C_DISPLAY_ISR
                0x00000a88      0x2a0 .\CortexM3\ARM_GCC_541\Debug\Display_count.a(I2C_DISPLAY_INT.o)
                0x00000a88                I2C_DISPLAY_ISR
 .text.I2C_DISPLAY_MasterSendStart
                0x00000d28       0x84 .\CortexM3\ARM_GCC_541\Debug\Display_count.a(I2C_DISPLAY_MASTER.o)
                0x00000d28                I2C_DISPLAY_MasterSendStart
 .text.I2C_DISPLAY_MasterSendStop
                0x00000dac       0x48 .\CortexM3\ARM_GCC_541\Debug\Display_count.a(I2C_DISPLAY_MASTER.o)
                0x00000dac                I2C_DISPLAY_MasterSendStop
 .text.I2C_DISPLAY_MasterWriteByte
                0x00000df4       0x5c .\CortexM3\ARM_GCC_541\Debug\Display_count.a(I2C_DISPLAY_MASTER.o)
                0x00000df4                I2C_DISPLAY_MasterWriteByte
 .text          0x00000e50       0x20 .\CortexM3\ARM_GCC_541\Debug\Display_count.a(CyBootAsmGnu.o)
                0x00000e50                CyDelayCycles
                0x00000e60                CyEnterCriticalSection
                0x00000e68                CyExitCriticalSection
 .text.__errno  0x00000e70        0xc c:/program files (x86)/cypress/psoc creator/4.4/psoc creator/import/gnu/arm/5.4.1/bin/../lib/gcc/arm-none-eabi/5.4.1/../../../../arm-none-eabi/lib/armv7-m\libg_nano.a(lib_a-errno.o)
                0x00000e70                __errno
 .text.__libc_init_array
                0x00000e7c       0x4c c:/program files (x86)/cypress/psoc creator/4.4/psoc creator/import/gnu/arm/5.4.1/bin/../lib/gcc/arm-none-eabi/5.4.1/../../../../arm-none-eabi/lib/armv7-m\libg_nano.a(lib_a-init.o)
                0x00000e7c                __libc_init_array
 .text.memset   0x00000ec8       0x10 c:/program files (x86)/cypress/psoc creator/4.4/psoc creator/import/gnu/arm/5.4.1/bin/../lib/gcc/arm-none-eabi/5.4.1/../../../../arm-none-eabi/lib/armv7-m\libg_nano.a(lib_a-memset.o)
                0x00000ec8                memset
 *(.plt)
 *(.gnu.warning)
 *(.glue_7t)
 .glue_7t       0x00000ed8        0x0 linker stubs
 *(.glue_7)
 .glue_7        0x00000ed8        0x0 linker stubs
 *(.vfp11_veneer)
 .vfp11_veneer  0x00000ed8        0x0 linker stubs
 *(.bootloader)
 *(.ARM.extab* .gnu.linkonce.armextab.*)
 *(.gcc_except_table)

.v4_bx          0x00000ed8        0x0
 .v4_bx         0x00000ed8        0x0 linker stubs

.iplt           0x00000ed8        0x0
 .iplt          0x00000ed8        0x0 c:/program files (x86)/cypress/psoc creator/4.4/psoc creator/import/gnu/arm/5.4.1/bin/../lib/gcc/arm-none-eabi/5.4.1/armv7-m/crtbegin.o

.eh_frame_hdr
 *(.eh_frame_hdr)

.eh_frame       0x00000ed8        0x4
 *(.eh_frame)
 .eh_frame      0x00000ed8        0x0 c:/program files (x86)/cypress/psoc creator/4.4/psoc creator/import/gnu/arm/5.4.1/bin/../lib/gcc/arm-none-eabi/5.4.1/armv7-m/crtbegin.o
 .eh_frame      0x00000ed8        0x4 c:/program files (x86)/cypress/psoc creator/4.4/psoc creator/import/gnu/arm/5.4.1/bin/../lib/gcc/arm-none-eabi/5.4.1/armv7-m/crtend.o
                [!provide]                PROVIDE (__exidx_start, .)

.ARM.exidx
 *(.ARM.exidx* .gnu.linkonce.armexidx.*)
                0x00000edc                __exidx_end = .

.rodata         0x00000edc      0x94c
 *(.rodata .rodata.* .gnu.linkonce.r.*)
 .rodata        0x00000edc      0x15d .\CortexM3\ARM_GCC_541\Debug\u8x8_d_ssd1306_128x64_noname.o
 .rodata        0x00001039      0x704 .\CortexM3\ARM_GCC_541\Debug\u8x8_fontDisplay.o
                0x00001039                u8x8_font_amstrad_cpc_extended_f
 .rodata.str1.1
                0x0000173d       0x21 .\CortexM3\ARM_GCC_541\Debug\main.o
 .rodata        0x0000175e       0x30 .\CortexM3\ARM_GCC_541\Debug\cyfitter_cfg.o
 .rodata.str1.1
                0x0000178e        0x2 c:/program files (x86)/cypress/psoc creator/4.4/psoc creator/import/gnu/arm/5.4.1/bin/../lib/gcc/arm-none-eabi/5.4.1/../../../../arm-none-eabi/lib/armv7-m\libg_nano.a(lib_a-impure.o)
 .rodata.__sf_fake_stdin
                0x00001790       0x20 c:/program files (x86)/cypress/psoc creator/4.4/psoc creator/import/gnu/arm/5.4.1/bin/../lib/gcc/arm-none-eabi/5.4.1/../../../../arm-none-eabi/lib/armv7-m\libg_nano.a(lib_a-findfp.o)
                0x00001790                __sf_fake_stdin
 .rodata.__sf_fake_stdout
                0x000017b0       0x20 c:/program files (x86)/cypress/psoc creator/4.4/psoc creator/import/gnu/arm/5.4.1/bin/../lib/gcc/arm-none-eabi/5.4.1/../../../../arm-none-eabi/lib/armv7-m\libg_nano.a(lib_a-findfp.o)
                0x000017b0                __sf_fake_stdout
 .rodata.__sf_fake_stderr
                0x000017d0       0x20 c:/program files (x86)/cypress/psoc creator/4.4/psoc creator/import/gnu/arm/5.4.1/bin/../lib/gcc/arm-none-eabi/5.4.1/../../../../arm-none-eabi/lib/armv7-m\libg_nano.a(lib_a-findfp.o)
                0x000017d0                __sf_fake_stderr
                0x000017f0                . = ALIGN (0x4)
 *(.init)
 .init          0x000017f0        0x4 c:/program files (x86)/cypress/psoc creator/4.4/psoc creator/import/gnu/arm/5.4.1/bin/../lib/gcc/arm-none-eabi/5.4.1/armv7-m/crti.o
                0x000017f0                _init
 .init          0x000017f4        0x8 c:/program files (x86)/cypress/psoc creator/4.4/psoc creator/import/gnu/arm/5.4.1/bin/../lib/gcc/arm-none-eabi/5.4.1/armv7-m/crtn.o
                0x000017fc                . = ALIGN (0x4)
                0x000017fc                __preinit_array_start = .
 *(.preinit_array)
                0x000017fc                __preinit_array_end = .
                0x000017fc                . = ALIGN (0x4)
                0x000017fc                __init_array_start = .
 *(SORT(.init_array.*))
 *(.init_array)
 .init_array    0x000017fc        0x4 c:/program files (x86)/cypress/psoc creator/4.4/psoc creator/import/gnu/arm/5.4.1/bin/../lib/gcc/arm-none-eabi/5.4.1/armv7-m/crtbegin.o
 .init_array    0x00001800        0x4 .\CortexM3\ARM_GCC_541\Debug\Cm3Start.o
                0x00001804                __init_array_end = .
                0x00001804                . = ALIGN (0x4)
 *(.fini)
 .fini          0x00001804        0x4 c:/program files (x86)/cypress/psoc creator/4.4/psoc creator/import/gnu/arm/5.4.1/bin/../lib/gcc/arm-none-eabi/5.4.1/armv7-m/crti.o
                0x00001804                _fini
 .fini          0x00001808        0x8 c:/program files (x86)/cypress/psoc creator/4.4/psoc creator/import/gnu/arm/5.4.1/bin/../lib/gcc/arm-none-eabi/5.4.1/armv7-m/crtn.o
                0x00001810                . = ALIGN (0x4)
                0x00001810                __fini_array_start = .
 *(.fini_array)
 .fini_array    0x00001810        0x4 c:/program files (x86)/cypress/psoc creator/4.4/psoc creator/import/gnu/arm/5.4.1/bin/../lib/gcc/arm-none-eabi/5.4.1/armv7-m/crtbegin.o
 *(SORT(.fini_array.*))
                0x00001814                __fini_array_end = .
                0x00001814                . = ALIGN (0x4)
 *crtbegin.o(.ctors)
 *(EXCLUDE_FILE(*crtend.o) .ctors)
 *(SORT(.ctors.*))
 *crtend.o(.ctors)
                0x00001814                . = ALIGN (0x4)
 *crtbegin.o(.dtors)
 *(EXCLUDE_FILE(*crtend.o) .dtors)
 *(SORT(.dtors.*))
 *crtend.o(.dtors)
                0x00001814                . = ALIGN (0x4)
                0x00001814                __cy_regions = .
                0x00001814        0x4 LONG 0x1828 __cy_region_init_ram
                0x00001818        0x4 LONG 0x1fff80c8 __cy_region_start_data
                0x0000181c        0x4 LONG 0x78 __cy_region_init_size_ram
                0x00001820        0x4 LONG 0x30 __cy_region_zero_size_ram
                0x00001824                __cy_regions_end = .
                0x00001828                . = ALIGN (0x8)
 *fill*         0x00001824        0x4 
                0x00001828                _etext = .

.cy_checksum_exclude
                0x00001828        0x0
 *(.cy_checksum_exclude)

.ramvectors     0x1fff8000       0xc0
                0x1fff8000                __cy_region_start_ram = .
 *(.ramvectors)
 .ramvectors    0x1fff8000       0xc0 .\CortexM3\ARM_GCC_541\Debug\Cm3Start.o
                0x1fff8000                CyRamVectors

.noinit         0x1fff80c0        0x1
 *(.noinit)
 .noinit        0x1fff80c0        0x1 .\CortexM3\ARM_GCC_541\Debug\Display_count.a(CyLib.o)
                0x1fff80c0                CyResetStatus

.data           0x1fff80c8       0x78 load address 0x00001828
                0x1fff80c8                __cy_region_start_data = .
 *(.jcr)
 .jcr           0x1fff80c8        0x0 c:/program files (x86)/cypress/psoc creator/4.4/psoc creator/import/gnu/arm/5.4.1/bin/../lib/gcc/arm-none-eabi/5.4.1/armv7-m/crtbegin.o
 .jcr           0x1fff80c8        0x4 c:/program files (x86)/cypress/psoc creator/4.4/psoc creator/import/gnu/arm/5.4.1/bin/../lib/gcc/arm-none-eabi/5.4.1/armv7-m/crtend.o
 *(.got.plt)
 *(.got)
 *(.shdata)
 *(.data .data.* .gnu.linkonce.d.*)
 .data          0x1fff80cc       0x10 .\CortexM3\ARM_GCC_541\Debug\Display_count.a(CyLib.o)
                0x1fff80cc                cydelay_32k_ms
                0x1fff80d0                cydelay_freq_khz
                0x1fff80d4                cydelay_freq_mhz
                0x1fff80d8                cydelay_freq_hz
 .data.impure_data
                0x1fff80dc       0x60 c:/program files (x86)/cypress/psoc creator/4.4/psoc creator/import/gnu/arm/5.4.1/bin/../lib/gcc/arm-none-eabi/5.4.1/../../../../arm-none-eabi/lib/armv7-m\libg_nano.a(lib_a-impure.o)
 .data._impure_ptr
                0x1fff813c        0x4 c:/program files (x86)/cypress/psoc creator/4.4/psoc creator/import/gnu/arm/5.4.1/bin/../lib/gcc/arm-none-eabi/5.4.1/../../../../arm-none-eabi/lib/armv7-m\libg_nano.a(lib_a-impure.o)
                0x1fff813c                _impure_ptr
                0x1fff8140                . = ALIGN (0x8)
 *(.ram)
                0x1fff8140                _edata = .

.igot.plt       0x1fff8140        0x0 load address 0x000018a0
 .igot.plt      0x1fff8140        0x0 c:/program files (x86)/cypress/psoc creator/4.4/psoc creator/import/gnu/arm/5.4.1/bin/../lib/gcc/arm-none-eabi/5.4.1/armv7-m/crtbegin.o

.bss            0x1fff8140       0x30 load address 0x000018a0
                0x1fff8140                PROVIDE (__bss_start__, .)
 *(.shbss)
 *(.bss .bss.* .gnu.linkonce.b.*)
 .bss           0x1fff8140       0x1c c:/program files (x86)/cypress/psoc creator/4.4/psoc creator/import/gnu/arm/5.4.1/bin/../lib/gcc/arm-none-eabi/5.4.1/armv7-m/crtbegin.o
 .bss           0x1fff815c        0x1 .\CortexM3\ARM_GCC_541\Debug\Display_count.a(I2C_DISPLAY.o)
                0x1fff815c                I2C_DISPLAY_initVar
 *(COMMON)
 COMMON         0x1fff815d        0x1 .\CortexM3\ARM_GCC_541\Debug\Display_count.a(I2C_DISPLAY.o)
                0x1fff815d                I2C_DISPLAY_state
 *fill*         0x1fff815e        0x2 
 COMMON         0x1fff8160        0xe .\CortexM3\ARM_GCC_541\Debug\Display_count.a(I2C_DISPLAY_MASTER.o)
                0x1fff8160                I2C_DISPLAY_mstrWrBufPtr
                0x1fff8164                I2C_DISPLAY_mstrStatus
                0x1fff8165                I2C_DISPLAY_mstrWrBufIndex
                0x1fff8166                I2C_DISPLAY_mstrWrBufSize
                0x1fff8167                I2C_DISPLAY_mstrControl
                0x1fff8168                I2C_DISPLAY_mstrRdBufPtr
                0x1fff816c                I2C_DISPLAY_mstrRdBufSize
                0x1fff816d                I2C_DISPLAY_mstrRdBufIndex
                0x1fff8170                . = ALIGN (0x8)
 *fill*         0x1fff816e        0x2 
 *(.ram.b)
                0x1fff8170                _end = .
                0x1fff8170                __end = .
                0x1fff8170                PROVIDE (end, .)
                0x1fff8170                PROVIDE (__bss_end__, .)
                0x00001828                __cy_region_init_ram = LOADADDR (.data)
                0x00000078                __cy_region_init_size_ram = (_edata - ADDR (.data))
                0x00000030                __cy_region_zero_size_ram = (_end - _edata)

.heap           0x1fff8170       0x80 load address 0x000018a0
                0x1fff8170                . = _end
                0x1fff81f0                . = (. + 0x80)
 *fill*         0x1fff8170       0x80 
                0x1fff81f0                __cy_heap_limit = .

.stack          0x20007800      0x800
                0x20007800                __cy_stack_limit = .
                0x20008000                . = (. + 0x800)
 *fill*         0x20007800      0x800 
                0x00000001                ASSERT ((__cy_stack_limit >= __cy_heap_limit), region RAM overflowed with stack)
                0x00000000                cy_checksum_exclude_size = (CY_APPL_LOADABLE == 0x1)?SIZEOF (.cy_checksum_exclude):0x0
                0x00000001                ASSERT ((cy_checksum_exclude_size <= CY_CHECKSUM_EXCLUDE_SIZE), CY_BOOT: Section .cy_checksum_exclude size exceedes specified limit.)

.cyloadermeta
 *(.cyloadermeta)

.cyloadablemeta
 *(.cyloadablemeta)

.cyconfigecc    0x80000000      0x528
 *(.cyconfigecc)
 .cyconfigecc   0x80000000      0x528 .\CortexM3\ARM_GCC_541\Debug\cymetadata.o
                0x80000000                cy_meta_configecc

.cycustnvl      0x90000000        0x4
 *(.cycustnvl)
 .cycustnvl     0x90000000        0x4 .\CortexM3\ARM_GCC_541\Debug\cymetadata.o
                0x90000000                cy_meta_custnvl

.cywolatch      0x90100000        0x4
 *(.cywolatch)
 .cywolatch     0x90100000        0x4 .\CortexM3\ARM_GCC_541\Debug\cymetadata.o
                0x90100000                cy_meta_wonvl

.cyeeprom       0x90200000        0x0
 *(.cyeeprom)
                0x00000001                ASSERT ((. <= ((0x90200000 + ee_offset) + ee_size)), .cyeeprom data will not fit in EEPROM)

.cyflashprotect
                0x90400000      0x100
 *(.cyflashprotect)
 .cyflashprotect
                0x90400000      0x100 .\CortexM3\ARM_GCC_541\Debug\cymetadata.o
                0x90400000                cy_meta_flashprotect

.cymeta         0x90500000        0xc
 *(.cymeta)
 .cymeta        0x90500000        0xc .\CortexM3\ARM_GCC_541\Debug\cymetadata.o
                0x90500000                cy_metadata

.rel.dyn        0x000018a0        0x0 load address 0x9050000c
 .rel.iplt      0x000018a0        0x0 c:/program files (x86)/cypress/psoc creator/4.4/psoc creator/import/gnu/arm/5.4.1/bin/../lib/gcc/arm-none-eabi/5.4.1/armv7-m/crtbegin.o

.stab           0x00000000       0x9c
 *(.stab)
 .stab          0x00000000       0x24 c:/program files (x86)/cypress/psoc creator/4.4/psoc creator/import/gnu/arm/5.4.1/bin/../lib/gcc/arm-none-eabi/5.4.1/../../../../arm-none-eabi/lib/armv7-m\libnosys.a(close.o)
 .stab          0x00000024       0x18 c:/program files (x86)/cypress/psoc creator/4.4/psoc creator/import/gnu/arm/5.4.1/bin/../lib/gcc/arm-none-eabi/5.4.1/../../../../arm-none-eabi/lib/armv7-m\libnosys.a(fstat.o)
                                 0x24 (size before relaxing)
 .stab          0x0000003c       0x18 c:/program files (x86)/cypress/psoc creator/4.4/psoc creator/import/gnu/arm/5.4.1/bin/../lib/gcc/arm-none-eabi/5.4.1/../../../../arm-none-eabi/lib/armv7-m\libnosys.a(isatty.o)
                                 0x24 (size before relaxing)
 .stab          0x00000054       0x18 c:/program files (x86)/cypress/psoc creator/4.4/psoc creator/import/gnu/arm/5.4.1/bin/../lib/gcc/arm-none-eabi/5.4.1/../../../../arm-none-eabi/lib/armv7-m\libnosys.a(lseek.o)
                                 0x24 (size before relaxing)
 .stab          0x0000006c       0x18 c:/program files (x86)/cypress/psoc creator/4.4/psoc creator/import/gnu/arm/5.4.1/bin/../lib/gcc/arm-none-eabi/5.4.1/../../../../arm-none-eabi/lib/armv7-m\libnosys.a(read.o)
                                 0x24 (size before relaxing)
 .stab          0x00000084       0x18 c:/program files (x86)/cypress/psoc creator/4.4/psoc creator/import/gnu/arm/5.4.1/bin/../lib/gcc/arm-none-eabi/5.4.1/../../../../arm-none-eabi/lib/armv7-m\libnosys.a(write.o)
                                 0x24 (size before relaxing)

.stabstr        0x00000000      0x14d
 *(.stabstr)
 .stabstr       0x00000000      0x14d c:/program files (x86)/cypress/psoc creator/4.4/psoc creator/import/gnu/arm/5.4.1/bin/../lib/gcc/arm-none-eabi/5.4.1/../../../../arm-none-eabi/lib/armv7-m\libnosys.a(close.o)

.debug
 *(.debug)

.line
 *(.line)

.debug_srcinfo
 *(.debug_srcinfo)

.debug_sfnames
 *(.debug_sfnames)

.debug_aranges  0x00000000     0x3e58
 *(.debug_aranges)
 .debug_aranges
                0x00000000       0x40 .\CortexM3\ARM_GCC_541\Debug\u8g2_bitmap.o
 .debug_aranges
                0x00000040       0x38 .\CortexM3\ARM_GCC_541\Debug\u8g2_box.o
 .debug_aranges
                0x00000078       0x78 .\CortexM3\ARM_GCC_541\Debug\u8g2_buffer.o
 .debug_aranges
                0x000000f0       0x28 .\CortexM3\ARM_GCC_541\Debug\u8g2_button.o
 .debug_aranges
                0x00000118       0x58 .\CortexM3\ARM_GCC_541\Debug\u8g2_circle.o
 .debug_aranges
                0x00000170       0x20 .\CortexM3\ARM_GCC_541\Debug\u8g2_cleardisplay.o
 .debug_aranges
                0x00000190      0x558 .\CortexM3\ARM_GCC_541\Debug\u8g2_d_memory.o
 .debug_aranges
                0x000006e8     0x19c8 .\CortexM3\ARM_GCC_541\Debug\u8g2_d_setup.o
 .debug_aranges
                0x000020b0      0x1b0 .\CortexM3\ARM_GCC_541\Debug\u8g2_font.o
 .debug_aranges
                0x00002260       0x48 .\CortexM3\ARM_GCC_541\Debug\u8g2_hvline.o
 .debug_aranges
                0x000022a8       0x20 .\CortexM3\ARM_GCC_541\Debug\u8g2_input_value.o
 .debug_aranges
                0x000022c8       0x28 .\CortexM3\ARM_GCC_541\Debug\u8g2_intersection.o
 .debug_aranges
                0x000022f0       0x28 .\CortexM3\ARM_GCC_541\Debug\u8g2_kerning.o
 .debug_aranges
                0x00002318       0x20 .\CortexM3\ARM_GCC_541\Debug\u8g2_line.o
 .debug_aranges
                0x00002338       0x28 .\CortexM3\ARM_GCC_541\Debug\u8g2_ll_hvline.o
 .debug_aranges
                0x00002360       0x28 .\CortexM3\ARM_GCC_541\Debug\u8g2_message.o
 .debug_aranges
                0x00002388       0x60 .\CortexM3\ARM_GCC_541\Debug\u8g2_polygon.o
 .debug_aranges
                0x000023e8       0x40 .\CortexM3\ARM_GCC_541\Debug\u8g2_selection_list.o
 .debug_aranges
                0x00002428       0xb8 .\CortexM3\ARM_GCC_541\Debug\u8g2_setup.o
 .debug_aranges
                0x000024e0       0x80 .\CortexM3\ARM_GCC_541\Debug\u8log.o
 .debug_aranges
                0x00002560       0x28 .\CortexM3\ARM_GCC_541\Debug\u8log_u8g2.o
 .debug_aranges
                0x00002588       0x30 .\CortexM3\ARM_GCC_541\Debug\u8log_u8x8.o
 .debug_aranges
                0x000025b8       0xb8 .\CortexM3\ARM_GCC_541\Debug\u8x8_8x8.o
 .debug_aranges
                0x00002670       0xb0 .\CortexM3\ARM_GCC_541\Debug\u8x8_byte.o
 .debug_aranges
                0x00002720       0xd0 .\CortexM3\ARM_GCC_541\Debug\u8x8_cad.o
 .debug_aranges
                0x000027f0       0x48 .\CortexM3\ARM_GCC_541\Debug\u8x8_capture.o
 .debug_aranges
                0x00002838       0x30 .\CortexM3\ARM_GCC_541\Debug\u8x8_d_a2printer.o
 .debug_aranges
                0x00002868       0x28 .\CortexM3\ARM_GCC_541\Debug\u8x8_d_gp1247ai.o
 .debug_aranges
                0x00002890       0x28 .\CortexM3\ARM_GCC_541\Debug\u8x8_d_gp1287ai.o
 .debug_aranges
                0x000028b8       0x30 .\CortexM3\ARM_GCC_541\Debug\u8x8_d_gu800.o
 .debug_aranges
                0x000028e8       0x30 .\CortexM3\ARM_GCC_541\Debug\u8x8_d_hd44102.o
 .debug_aranges
                0x00002918       0x38 .\CortexM3\ARM_GCC_541\Debug\u8x8_d_il3820_296x128.o
 .debug_aranges
                0x00002950       0x20 .\CortexM3\ARM_GCC_541\Debug\u8x8_d_ist3020.o
 .debug_aranges
                0x00002970       0x20 .\CortexM3\ARM_GCC_541\Debug\u8x8_d_ist3088.o
 .debug_aranges
                0x00002990       0x20 .\CortexM3\ARM_GCC_541\Debug\u8x8_d_ist7920.o
 .debug_aranges
                0x000029b0       0x30 .\CortexM3\ARM_GCC_541\Debug\u8x8_d_ks0108.o
 .debug_aranges
                0x000029e0       0x48 .\CortexM3\ARM_GCC_541\Debug\u8x8_d_lc7981.o
 .debug_aranges
                0x00002a28       0x30 .\CortexM3\ARM_GCC_541\Debug\u8x8_d_ld7032_60x32.o
 .debug_aranges
                0x00002a58       0x38 .\CortexM3\ARM_GCC_541\Debug\u8x8_d_ls013b7dh03.o
 .debug_aranges
                0x00002a90       0x40 .\CortexM3\ARM_GCC_541\Debug\u8x8_d_max7219.o
 .debug_aranges
                0x00002ad0       0x20 .\CortexM3\ARM_GCC_541\Debug\u8x8_d_pcd8544_84x48.o
 .debug_aranges
                0x00002af0       0x20 .\CortexM3\ARM_GCC_541\Debug\u8x8_d_pcf8812.o
 .debug_aranges
                0x00002b10       0x20 .\CortexM3\ARM_GCC_541\Debug\u8x8_d_pcf8814_hx1230.o
 .debug_aranges
                0x00002b30       0x28 .\CortexM3\ARM_GCC_541\Debug\u8x8_d_s1d15e06.o
 .debug_aranges
                0x00002b58       0x28 .\CortexM3\ARM_GCC_541\Debug\u8x8_d_s1d15721.o
 .debug_aranges
                0x00002b80       0x28 .\CortexM3\ARM_GCC_541\Debug\u8x8_d_sbn1661.o
 .debug_aranges
                0x00002ba8       0x38 .\CortexM3\ARM_GCC_541\Debug\u8x8_d_sed1330.o
 .debug_aranges
                0x00002be0       0x20 .\CortexM3\ARM_GCC_541\Debug\u8x8_d_sh1106_64x32.o
 .debug_aranges
                0x00002c00       0x20 .\CortexM3\ARM_GCC_541\Debug\u8x8_d_sh1106_72x40.o
 .debug_aranges
                0x00002c20       0x60 .\CortexM3\ARM_GCC_541\Debug\u8x8_d_sh1107.o
 .debug_aranges
                0x00002c80       0x20 .\CortexM3\ARM_GCC_541\Debug\u8x8_d_sh1108.o
 .debug_aranges
                0x00002ca0       0x28 .\CortexM3\ARM_GCC_541\Debug\u8x8_d_sh1122.o
 .debug_aranges
                0x00002cc8       0x40 .\CortexM3\ARM_GCC_541\Debug\u8x8_d_ssd1305.o
 .debug_aranges
                0x00002d08       0x20 .\CortexM3\ARM_GCC_541\Debug\u8x8_d_ssd1306_48x64.o
 .debug_aranges
                0x00002d28       0x30 .\CortexM3\ARM_GCC_541\Debug\u8x8_d_ssd1306_64x32.o
 .debug_aranges
                0x00002d58       0x20 .\CortexM3\ARM_GCC_541\Debug\u8x8_d_ssd1306_64x48.o
 .debug_aranges
                0x00002d78       0x20 .\CortexM3\ARM_GCC_541\Debug\u8x8_d_ssd1306_72x40.o
 .debug_aranges
                0x00002d98       0x20 .\CortexM3\ARM_GCC_541\Debug\u8x8_d_ssd1306_96x16.o
 .debug_aranges
                0x00002db8       0x30 .\CortexM3\ARM_GCC_541\Debug\u8x8_d_ssd1306_96x40.o
 .debug_aranges
                0x00002de8       0x38 .\CortexM3\ARM_GCC_541\Debug\u8x8_d_ssd1306_128x32.o
 .debug_aranges
                0x00002e20       0x58 .\CortexM3\ARM_GCC_541\Debug\u8x8_d_ssd1306_128x64_noname.o
 .debug_aranges
                0x00002e78       0x20 .\CortexM3\ARM_GCC_541\Debug\u8x8_d_ssd1306_2040x16.o
 .debug_aranges
                0x00002e98       0x38 .\CortexM3\ARM_GCC_541\Debug\u8x8_d_ssd1309.o
 .debug_aranges
                0x00002ed0       0x30 .\CortexM3\ARM_GCC_541\Debug\u8x8_d_ssd1316.o
 .debug_aranges
                0x00002f00       0x20 .\CortexM3\ARM_GCC_541\Debug\u8x8_d_ssd1317.o
 .debug_aranges
                0x00002f20       0x30 .\CortexM3\ARM_GCC_541\Debug\u8x8_d_ssd1318.o
 .debug_aranges
                0x00002f50       0x40 .\CortexM3\ARM_GCC_541\Debug\u8x8_d_ssd1320.o
 .debug_aranges
                0x00002f90       0x40 .\CortexM3\ARM_GCC_541\Debug\u8x8_d_ssd1322.o
 .debug_aranges
                0x00002fd0       0x30 .\CortexM3\ARM_GCC_541\Debug\u8x8_d_ssd1325.o
 .debug_aranges
                0x00003000       0x20 .\CortexM3\ARM_GCC_541\Debug\u8x8_d_ssd1326.o
 .debug_aranges
                0x00003020       0x58 .\CortexM3\ARM_GCC_541\Debug\u8x8_d_ssd1327.o
 .debug_aranges
                0x00003078       0x30 .\CortexM3\ARM_GCC_541\Debug\u8x8_d_ssd1329.o
 .debug_aranges
                0x000030a8       0x28 .\CortexM3\ARM_GCC_541\Debug\u8x8_d_ssd1606_172x72.o
 .debug_aranges
                0x000030d0       0x48 .\CortexM3\ARM_GCC_541\Debug\u8x8_d_ssd1607_200x200.o
 .debug_aranges
                0x00003118       0x20 .\CortexM3\ARM_GCC_541\Debug\u8x8_d_st7511.o
 .debug_aranges
                0x00003138       0x38 .\CortexM3\ARM_GCC_541\Debug\u8x8_d_st7528.o
 .debug_aranges
                0x00003170       0x90 .\CortexM3\ARM_GCC_541\Debug\u8x8_d_st7565.o
 .debug_aranges
                0x00003200       0x68 .\CortexM3\ARM_GCC_541\Debug\u8x8_d_st7567.o
 .debug_aranges
                0x00003268       0x30 .\CortexM3\ARM_GCC_541\Debug\u8x8_d_st7571.o
 .debug_aranges
                0x00003298       0x20 .\CortexM3\ARM_GCC_541\Debug\u8x8_d_st7586s_erc240160.o
 .debug_aranges
                0x000032b8       0x20 .\CortexM3\ARM_GCC_541\Debug\u8x8_d_st7586s_jlx384160.o
 .debug_aranges
                0x000032d8       0x20 .\CortexM3\ARM_GCC_541\Debug\u8x8_d_st7586s_s028hn118a.o
 .debug_aranges
                0x000032f8       0x20 .\CortexM3\ARM_GCC_541\Debug\u8x8_d_st7586s_ymc240160.o
 .debug_aranges
                0x00003318       0x20 .\CortexM3\ARM_GCC_541\Debug\u8x8_d_st7588.o
 .debug_aranges
                0x00003338       0x40 .\CortexM3\ARM_GCC_541\Debug\u8x8_d_st7920.o
 .debug_aranges
                0x00003378       0x20 .\CortexM3\ARM_GCC_541\Debug\u8x8_d_st75160.o
 .debug_aranges
                0x00003398       0x68 .\CortexM3\ARM_GCC_541\Debug\u8x8_d_st75256.o
 .debug_aranges
                0x00003400       0x20 .\CortexM3\ARM_GCC_541\Debug\u8x8_d_st75320.o
 .debug_aranges
                0x00003420       0x38 .\CortexM3\ARM_GCC_541\Debug\u8x8_d_stdio.o
 .debug_aranges
                0x00003458       0x50 .\CortexM3\ARM_GCC_541\Debug\u8x8_d_t6963.o
 .debug_aranges
                0x000034a8       0x28 .\CortexM3\ARM_GCC_541\Debug\u8x8_d_uc1601.o
 .debug_aranges
                0x000034d0       0x28 .\CortexM3\ARM_GCC_541\Debug\u8x8_d_uc1604.o
 .debug_aranges
                0x000034f8       0x40 .\CortexM3\ARM_GCC_541\Debug\u8x8_d_uc1608.o
 .debug_aranges
                0x00003538       0x20 .\CortexM3\ARM_GCC_541\Debug\u8x8_d_uc1609.o
 .debug_aranges
                0x00003558       0x20 .\CortexM3\ARM_GCC_541\Debug\u8x8_d_uc1610.o
 .debug_aranges
                0x00003578       0x48 .\CortexM3\ARM_GCC_541\Debug\u8x8_d_uc1611.o
 .debug_aranges
                0x000035c0       0x30 .\CortexM3\ARM_GCC_541\Debug\u8x8_d_uc1617.o
 .debug_aranges
                0x000035f0       0x30 .\CortexM3\ARM_GCC_541\Debug\u8x8_d_uc1638.o
 .debug_aranges
                0x00003620       0x20 .\CortexM3\ARM_GCC_541\Debug\u8x8_d_uc1701_dogs102.o
 .debug_aranges
                0x00003640       0x20 .\CortexM3\ARM_GCC_541\Debug\u8x8_d_uc1701_mini12864.o
 .debug_aranges
                0x00003660       0x20 .\CortexM3\ARM_GCC_541\Debug\u8x8_debounce.o
 .debug_aranges
                0x00003680       0x88 .\CortexM3\ARM_GCC_541\Debug\u8x8_display.o
 .debug_aranges
                0x00003708       0x20 .\CortexM3\ARM_GCC_541\Debug\u8x8_gpio.o
 .debug_aranges
                0x00003728       0x20 .\CortexM3\ARM_GCC_541\Debug\u8x8_input_value.o
 .debug_aranges
                0x00003748       0x28 .\CortexM3\ARM_GCC_541\Debug\u8x8_message.o
 .debug_aranges
                0x00003770       0x40 .\CortexM3\ARM_GCC_541\Debug\u8x8_selection_list.o
 .debug_aranges
                0x000037b0       0x38 .\CortexM3\ARM_GCC_541\Debug\u8x8_setup.o
 .debug_aranges
                0x000037e8       0x40 .\CortexM3\ARM_GCC_541\Debug\u8x8_string.o
 .debug_aranges
                0x00003828       0x28 .\CortexM3\ARM_GCC_541\Debug\u8x8_u8toa.o
 .debug_aranges
                0x00003850       0x30 .\CortexM3\ARM_GCC_541\Debug\u8x8_u16toa.o
 .debug_aranges
                0x00003880       0x18 .\CortexM3\ARM_GCC_541\Debug\u8x8_fontDisplay.o
 .debug_aranges
                0x00003898       0x30 .\CortexM3\ARM_GCC_541\Debug\main.o
 .debug_aranges
                0x000038c8       0x28 .\CortexM3\ARM_GCC_541\Debug\cyfitter_cfg.o
 .debug_aranges
                0x000038f0       0x18 .\CortexM3\ARM_GCC_541\Debug\cymetadata.o
 .debug_aranges
                0x00003908       0x48 .\CortexM3\ARM_GCC_541\Debug\Cm3Start.o
 .debug_aranges
                0x00003950      0x298 .\CortexM3\ARM_GCC_541\Debug\Display_count.a(CyLib.o)
 .debug_aranges
                0x00003be8       0x78 .\CortexM3\ARM_GCC_541\Debug\Display_count.a(cyPm.o)
 .debug_aranges
                0x00003c60       0x38 .\CortexM3\ARM_GCC_541\Debug\Display_count.a(I2C_DISPLAY.o)
 .debug_aranges
                0x00003c98       0x20 .\CortexM3\ARM_GCC_541\Debug\Display_count.a(I2C_DISPLAY_INT.o)
 .debug_aranges
                0x00003cb8       0x80 .\CortexM3\ARM_GCC_541\Debug\Display_count.a(I2C_DISPLAY_MASTER.o)
 .debug_aranges
                0x00003d38       0x20 .\CortexM3\ARM_GCC_541\Debug\Display_count.a(CyBootAsmGnu.o)
 .debug_aranges
                0x00003d58       0x80 .\CortexM3\ARM_GCC_541\Debug\Display_count.a(CyFlash.o)
 .debug_aranges
                0x00003dd8       0x80 .\CortexM3\ARM_GCC_541\Debug\Display_count.a(CySpc.o)

.debug_pubnames
 *(.debug_pubnames)

.debug_info     0x00000000    0x71264
 *(.debug_info .gnu.linkonce.wi.*)
 .debug_info    0x00000000      0xb54 .\CortexM3\ARM_GCC_541\Debug\u8g2_bitmap.o
 .debug_info    0x00000b54      0xed8 .\CortexM3\ARM_GCC_541\Debug\u8g2_box.o
 .debug_info    0x00001a2c      0xd44 .\CortexM3\ARM_GCC_541\Debug\u8g2_buffer.o
 .debug_info    0x00002770      0xba0 .\CortexM3\ARM_GCC_541\Debug\u8g2_button.o
 .debug_info    0x00003310     0x15ff .\CortexM3\ARM_GCC_541\Debug\u8g2_circle.o
 .debug_info    0x0000490f      0x840 .\CortexM3\ARM_GCC_541\Debug\u8g2_cleardisplay.o
 .debug_info    0x0000514f     0x2d08 .\CortexM3\ARM_GCC_541\Debug\u8g2_d_memory.o
 .debug_info    0x00007e57    0x28443 .\CortexM3\ARM_GCC_541\Debug\u8g2_d_setup.o
 .debug_info    0x0003029a     0x24dc .\CortexM3\ARM_GCC_541\Debug\u8g2_font.o
 .debug_info    0x00032776      0xad5 .\CortexM3\ARM_GCC_541\Debug\u8g2_hvline.o
 .debug_info    0x0003324b      0xae7 .\CortexM3\ARM_GCC_541\Debug\u8g2_input_value.o
 .debug_info    0x00033d32      0x886 .\CortexM3\ARM_GCC_541\Debug\u8g2_intersection.o
 .debug_info    0x000345b8      0x919 .\CortexM3\ARM_GCC_541\Debug\u8g2_kerning.o
 .debug_info    0x00034ed1      0x8c4 .\CortexM3\ARM_GCC_541\Debug\u8g2_line.o
 .debug_info    0x00035795      0x90f .\CortexM3\ARM_GCC_541\Debug\u8g2_ll_hvline.o
 .debug_info    0x000360a4      0xbce .\CortexM3\ARM_GCC_541\Debug\u8g2_message.o
 .debug_info    0x00036c72     0x1121 .\CortexM3\ARM_GCC_541\Debug\u8g2_polygon.o
 .debug_info    0x00037d93      0xf00 .\CortexM3\ARM_GCC_541\Debug\u8g2_selection_list.o
 .debug_info    0x00038c93     0x106b .\CortexM3\ARM_GCC_541\Debug\u8g2_setup.o
 .debug_info    0x00039cfe      0x783 .\CortexM3\ARM_GCC_541\Debug\u8log.o
 .debug_info    0x0003a481      0xa12 .\CortexM3\ARM_GCC_541\Debug\u8log_u8g2.o
 .debug_info    0x0003ae93      0x5b9 .\CortexM3\ARM_GCC_541\Debug\u8log_u8x8.o
 .debug_info    0x0003b44c     0x106d .\CortexM3\ARM_GCC_541\Debug\u8x8_8x8.o
 .debug_info    0x0003c4b9     0x1629 .\CortexM3\ARM_GCC_541\Debug\u8x8_byte.o
 .debug_info    0x0003dae2     0x16b4 .\CortexM3\ARM_GCC_541\Debug\u8x8_cad.o
 .debug_info    0x0003f196      0x560 .\CortexM3\ARM_GCC_541\Debug\u8x8_capture.o
 .debug_info    0x0003f6f6      0x7ec .\CortexM3\ARM_GCC_541\Debug\u8x8_d_a2printer.o
 .debug_info    0x0003fee2      0x6c6 .\CortexM3\ARM_GCC_541\Debug\u8x8_d_gp1247ai.o
 .debug_info    0x000405a8      0x6c6 .\CortexM3\ARM_GCC_541\Debug\u8x8_d_gp1287ai.o
 .debug_info    0x00040c6e      0x7b6 .\CortexM3\ARM_GCC_541\Debug\u8x8_d_gu800.o
 .debug_info    0x00041424      0xa47 .\CortexM3\ARM_GCC_541\Debug\u8x8_d_hd44102.o
 .debug_info    0x00041e6b      0x9f4 .\CortexM3\ARM_GCC_541\Debug\u8x8_d_il3820_296x128.o
 .debug_info    0x0004285f      0x63a .\CortexM3\ARM_GCC_541\Debug\u8x8_d_ist3020.o
 .debug_info    0x00042e99      0x761 .\CortexM3\ARM_GCC_541\Debug\u8x8_d_ist3088.o
 .debug_info    0x000435fa      0x64b .\CortexM3\ARM_GCC_541\Debug\u8x8_d_ist7920.o
 .debug_info    0x00043c45      0xcd6 .\CortexM3\ARM_GCC_541\Debug\u8x8_d_ks0108.o
 .debug_info    0x0004491b      0xada .\CortexM3\ARM_GCC_541\Debug\u8x8_d_lc7981.o
 .debug_info    0x000453f5      0x803 .\CortexM3\ARM_GCC_541\Debug\u8x8_d_ld7032_60x32.o
 .debug_info    0x00045bf8      0x7f9 .\CortexM3\ARM_GCC_541\Debug\u8x8_d_ls013b7dh03.o
 .debug_info    0x000463f1      0x8e0 .\CortexM3\ARM_GCC_541\Debug\u8x8_d_max7219.o
 .debug_info    0x00046cd1      0x5e4 .\CortexM3\ARM_GCC_541\Debug\u8x8_d_pcd8544_84x48.o
 .debug_info    0x000472b5      0x674 .\CortexM3\ARM_GCC_541\Debug\u8x8_d_pcf8812.o
 .debug_info    0x00047929      0x69b .\CortexM3\ARM_GCC_541\Debug\u8x8_d_pcf8814_hx1230.o
 .debug_info    0x00047fc4      0x780 .\CortexM3\ARM_GCC_541\Debug\u8x8_d_s1d15e06.o
 .debug_info    0x00048744      0x7b4 .\CortexM3\ARM_GCC_541\Debug\u8x8_d_s1d15721.o
 .debug_info    0x00048ef8      0x82d .\CortexM3\ARM_GCC_541\Debug\u8x8_d_sbn1661.o
 .debug_info    0x00049725      0x8b1 .\CortexM3\ARM_GCC_541\Debug\u8x8_d_sed1330.o
 .debug_info    0x00049fd6      0x6d0 .\CortexM3\ARM_GCC_541\Debug\u8x8_d_sh1106_64x32.o
 .debug_info    0x0004a6a6      0x6d0 .\CortexM3\ARM_GCC_541\Debug\u8x8_d_sh1106_72x40.o
 .debug_info    0x0004ad76      0xeb5 .\CortexM3\ARM_GCC_541\Debug\u8x8_d_sh1107.o
 .debug_info    0x0004bc2b      0x6ed .\CortexM3\ARM_GCC_541\Debug\u8x8_d_sh1108.o
 .debug_info    0x0004c318      0x813 .\CortexM3\ARM_GCC_541\Debug\u8x8_d_sh1122.o
 .debug_info    0x0004cb2b      0xae1 .\CortexM3\ARM_GCC_541\Debug\u8x8_d_ssd1305.o
 .debug_info    0x0004d60c      0x6d0 .\CortexM3\ARM_GCC_541\Debug\u8x8_d_ssd1306_48x64.o
 .debug_info    0x0004dcdc      0x776 .\CortexM3\ARM_GCC_541\Debug\u8x8_d_ssd1306_64x32.o
 .debug_info    0x0004e452      0x6d0 .\CortexM3\ARM_GCC_541\Debug\u8x8_d_ssd1306_64x48.o
 .debug_info    0x0004eb22      0x6d1 .\CortexM3\ARM_GCC_541\Debug\u8x8_d_ssd1306_72x40.o
 .debug_info    0x0004f1f3      0x6d0 .\CortexM3\ARM_GCC_541\Debug\u8x8_d_ssd1306_96x16.o
 .debug_info    0x0004f8c3      0x807 .\CortexM3\ARM_GCC_541\Debug\u8x8_d_ssd1306_96x40.o
 .debug_info    0x000500ca      0x834 .\CortexM3\ARM_GCC_541\Debug\u8x8_d_ssd1306_128x32.o
 .debug_info    0x000508fe      0xc59 .\CortexM3\ARM_GCC_541\Debug\u8x8_d_ssd1306_128x64_noname.o
 .debug_info    0x00051557      0x6d0 .\CortexM3\ARM_GCC_541\Debug\u8x8_d_ssd1306_2040x16.o
 .debug_info    0x00051c27      0xa5f .\CortexM3\ARM_GCC_541\Debug\u8x8_d_ssd1309.o
 .debug_info    0x00052686      0x7d6 .\CortexM3\ARM_GCC_541\Debug\u8x8_d_ssd1316.o
 .debug_info    0x00052e5c      0x6ed .\CortexM3\ARM_GCC_541\Debug\u8x8_d_ssd1317.o
 .debug_info    0x00053549      0x7e8 .\CortexM3\ARM_GCC_541\Debug\u8x8_d_ssd1318.o
 .debug_info    0x00053d31      0xe23 .\CortexM3\ARM_GCC_541\Debug\u8x8_d_ssd1320.o
 .debug_info    0x00054b54      0xd82 .\CortexM3\ARM_GCC_541\Debug\u8x8_d_ssd1322.o
 .debug_info    0x000558d6      0xa7f .\CortexM3\ARM_GCC_541\Debug\u8x8_d_ssd1325.o
 .debug_info    0x00056355      0x828 .\CortexM3\ARM_GCC_541\Debug\u8x8_d_ssd1326.o
 .debug_info    0x00056b7d     0x1084 .\CortexM3\ARM_GCC_541\Debug\u8x8_d_ssd1327.o
 .debug_info    0x00057c01      0xc95 .\CortexM3\ARM_GCC_541\Debug\u8x8_d_ssd1329.o
 .debug_info    0x00058896      0x968 .\CortexM3\ARM_GCC_541\Debug\u8x8_d_ssd1606_172x72.o
 .debug_info    0x000591fe      0xd46 .\CortexM3\ARM_GCC_541\Debug\u8x8_d_ssd1607_200x200.o
 .debug_info    0x00059f44      0x70d .\CortexM3\ARM_GCC_541\Debug\u8x8_d_st7511.o
 .debug_info    0x0005a651      0x9a2 .\CortexM3\ARM_GCC_541\Debug\u8x8_d_st7528.o
 .debug_info    0x0005aff3     0x163c .\CortexM3\ARM_GCC_541\Debug\u8x8_d_st7565.o
 .debug_info    0x0005c62f     0x14c1 .\CortexM3\ARM_GCC_541\Debug\u8x8_d_st7567.o
 .debug_info    0x0005daf0      0x7ce .\CortexM3\ARM_GCC_541\Debug\u8x8_d_st7571.o
 .debug_info    0x0005e2be      0x6ed .\CortexM3\ARM_GCC_541\Debug\u8x8_d_st7586s_erc240160.o
 .debug_info    0x0005e9ab      0x771 .\CortexM3\ARM_GCC_541\Debug\u8x8_d_st7586s_jlx384160.o
 .debug_info    0x0005f11c      0x771 .\CortexM3\ARM_GCC_541\Debug\u8x8_d_st7586s_s028hn118a.o
 .debug_info    0x0005f88d      0x6e7 .\CortexM3\ARM_GCC_541\Debug\u8x8_d_st7586s_ymc240160.o
 .debug_info    0x0005ff74      0x74f .\CortexM3\ARM_GCC_541\Debug\u8x8_d_st7588.o
 .debug_info    0x000606c3      0x8b2 .\CortexM3\ARM_GCC_541\Debug\u8x8_d_st7920.o
 .debug_info    0x00060f75      0x70a .\CortexM3\ARM_GCC_541\Debug\u8x8_d_st75160.o
 .debug_info    0x0006167f     0x1a0b .\CortexM3\ARM_GCC_541\Debug\u8x8_d_st75256.o
 .debug_info    0x0006308a      0x77c .\CortexM3\ARM_GCC_541\Debug\u8x8_d_st75320.o
 .debug_info    0x00063806      0x557 .\CortexM3\ARM_GCC_541\Debug\u8x8_d_stdio.o
 .debug_info    0x00063d5d      0xae4 .\CortexM3\ARM_GCC_541\Debug\u8x8_d_t6963.o
 .debug_info    0x00064841      0x814 .\CortexM3\ARM_GCC_541\Debug\u8x8_d_uc1601.o
 .debug_info    0x00065055      0x6f6 .\CortexM3\ARM_GCC_541\Debug\u8x8_d_uc1604.o
 .debug_info    0x0006574b      0xa0c .\CortexM3\ARM_GCC_541\Debug\u8x8_d_uc1608.o
 .debug_info    0x00066157      0x644 .\CortexM3\ARM_GCC_541\Debug\u8x8_d_uc1609.o
 .debug_info    0x0006679b      0x7b4 .\CortexM3\ARM_GCC_541\Debug\u8x8_d_uc1610.o
 .debug_info    0x00066f4f      0xeec .\CortexM3\ARM_GCC_541\Debug\u8x8_d_uc1611.o
 .debug_info    0x00067e3b      0x8b4 .\CortexM3\ARM_GCC_541\Debug\u8x8_d_uc1617.o
 .debug_info    0x000686ef      0x835 .\CortexM3\ARM_GCC_541\Debug\u8x8_d_uc1638.o
 .debug_info    0x00068f24      0x63a .\CortexM3\ARM_GCC_541\Debug\u8x8_d_uc1701_dogs102.o
 .debug_info    0x0006955e      0x63a .\CortexM3\ARM_GCC_541\Debug\u8x8_d_uc1701_mini12864.o
 .debug_info    0x00069b98      0x485 .\CortexM3\ARM_GCC_541\Debug\u8x8_debounce.o
 .debug_info    0x0006a01d      0x8ed .\CortexM3\ARM_GCC_541\Debug\u8x8_display.o
 .debug_info    0x0006a90a      0x390 .\CortexM3\ARM_GCC_541\Debug\u8x8_gpio.o
 .debug_info    0x0006ac9a      0x5b9 .\CortexM3\ARM_GCC_541\Debug\u8x8_input_value.o
 .debug_info    0x0006b253      0x6af .\CortexM3\ARM_GCC_541\Debug\u8x8_message.o
 .debug_info    0x0006b902      0x6be .\CortexM3\ARM_GCC_541\Debug\u8x8_selection_list.o
 .debug_info    0x0006bfc0      0x4e4 .\CortexM3\ARM_GCC_541\Debug\u8x8_setup.o
 .debug_info    0x0006c4a4      0x694 .\CortexM3\ARM_GCC_541\Debug\u8x8_string.o
 .debug_info    0x0006cb38      0x198 .\CortexM3\ARM_GCC_541\Debug\u8x8_u8toa.o
 .debug_info    0x0006ccd0      0x1c2 .\CortexM3\ARM_GCC_541\Debug\u8x8_u16toa.o
 .debug_info    0x0006ce92       0xb4 .\CortexM3\ARM_GCC_541\Debug\u8x8_fontDisplay.o
 .debug_info    0x0006cf46      0x6bc .\CortexM3\ARM_GCC_541\Debug\main.o
 .debug_info    0x0006d602      0x478 .\CortexM3\ARM_GCC_541\Debug\cyfitter_cfg.o
 .debug_info    0x0006da7a      0x136 .\CortexM3\ARM_GCC_541\Debug\cymetadata.o
 .debug_info    0x0006dbb0      0x3b7 .\CortexM3\ARM_GCC_541\Debug\Cm3Start.o
 .debug_info    0x0006df67     0x14f6 .\CortexM3\ARM_GCC_541\Debug\Display_count.a(CyLib.o)
 .debug_info    0x0006f45d      0x9b4 .\CortexM3\ARM_GCC_541\Debug\Display_count.a(cyPm.o)
 .debug_info    0x0006fe11      0x1e2 .\CortexM3\ARM_GCC_541\Debug\Display_count.a(I2C_DISPLAY.o)
 .debug_info    0x0006fff3      0x184 .\CortexM3\ARM_GCC_541\Debug\Display_count.a(I2C_DISPLAY_INT.o)
 .debug_info    0x00070177      0x40b .\CortexM3\ARM_GCC_541\Debug\Display_count.a(I2C_DISPLAY_MASTER.o)
 .debug_info    0x00070582       0xb4 .\CortexM3\ARM_GCC_541\Debug\Display_count.a(CyBootAsmGnu.o)
 .debug_info    0x00070636      0x6de .\CortexM3\ARM_GCC_541\Debug\Display_count.a(CyFlash.o)
 .debug_info    0x00070d14      0x550 .\CortexM3\ARM_GCC_541\Debug\Display_count.a(CySpc.o)

.debug_abbrev   0x00000000     0xd3ad
 *(.debug_abbrev)
 .debug_abbrev  0x00000000      0x16a .\CortexM3\ARM_GCC_541\Debug\u8g2_bitmap.o
 .debug_abbrev  0x0000016a      0x1c6 .\CortexM3\ARM_GCC_541\Debug\u8g2_box.o
 .debug_abbrev  0x00000330      0x22f .\CortexM3\ARM_GCC_541\Debug\u8g2_buffer.o
 .debug_abbrev  0x0000055f      0x16e .\CortexM3\ARM_GCC_541\Debug\u8g2_button.o
 .debug_abbrev  0x000006cd      0x298 .\CortexM3\ARM_GCC_541\Debug\u8g2_circle.o
 .debug_abbrev  0x00000965      0x122 .\CortexM3\ARM_GCC_541\Debug\u8g2_cleardisplay.o
 .debug_abbrev  0x00000a87       0xd6 .\CortexM3\ARM_GCC_541\Debug\u8g2_d_memory.o
 .debug_abbrev  0x00000b5d      0x184 .\CortexM3\ARM_GCC_541\Debug\u8g2_d_setup.o
 .debug_abbrev  0x00000ce1      0x3a0 .\CortexM3\ARM_GCC_541\Debug\u8g2_font.o
 .debug_abbrev  0x00001081      0x19a .\CortexM3\ARM_GCC_541\Debug\u8g2_hvline.o
 .debug_abbrev  0x0000121b      0x14e .\CortexM3\ARM_GCC_541\Debug\u8g2_input_value.o
 .debug_abbrev  0x00001369      0x14b .\CortexM3\ARM_GCC_541\Debug\u8g2_intersection.o
 .debug_abbrev  0x000014b4      0x142 .\CortexM3\ARM_GCC_541\Debug\u8g2_kerning.o
 .debug_abbrev  0x000015f6      0x15b .\CortexM3\ARM_GCC_541\Debug\u8g2_line.o
 .debug_abbrev  0x00001751      0x14b .\CortexM3\ARM_GCC_541\Debug\u8g2_ll_hvline.o
 .debug_abbrev  0x0000189c      0x17b .\CortexM3\ARM_GCC_541\Debug\u8g2_message.o
 .debug_abbrev  0x00001a17      0x2ec .\CortexM3\ARM_GCC_541\Debug\u8g2_polygon.o
 .debug_abbrev  0x00001d03      0x23f .\CortexM3\ARM_GCC_541\Debug\u8g2_selection_list.o
 .debug_abbrev  0x00001f42      0x2a6 .\CortexM3\ARM_GCC_541\Debug\u8g2_setup.o
 .debug_abbrev  0x000021e8      0x292 .\CortexM3\ARM_GCC_541\Debug\u8log.o
 .debug_abbrev  0x0000247a      0x14a .\CortexM3\ARM_GCC_541\Debug\u8log_u8g2.o
 .debug_abbrev  0x000025c4      0x174 .\CortexM3\ARM_GCC_541\Debug\u8log_u8x8.o
 .debug_abbrev  0x00002738      0x362 .\CortexM3\ARM_GCC_541\Debug\u8x8_8x8.o
 .debug_abbrev  0x00002a9a      0x25d .\CortexM3\ARM_GCC_541\Debug\u8x8_byte.o
 .debug_abbrev  0x00002cf7      0x26b .\CortexM3\ARM_GCC_541\Debug\u8x8_cad.o
 .debug_abbrev  0x00002f62      0x172 .\CortexM3\ARM_GCC_541\Debug\u8x8_capture.o
 .debug_abbrev  0x000030d4      0x212 .\CortexM3\ARM_GCC_541\Debug\u8x8_d_a2printer.o
 .debug_abbrev  0x000032e6      0x172 .\CortexM3\ARM_GCC_541\Debug\u8x8_d_gp1247ai.o
 .debug_abbrev  0x00003458      0x172 .\CortexM3\ARM_GCC_541\Debug\u8x8_d_gp1287ai.o
 .debug_abbrev  0x000035ca      0x1fb .\CortexM3\ARM_GCC_541\Debug\u8x8_d_gu800.o
 .debug_abbrev  0x000037c5      0x1fd .\CortexM3\ARM_GCC_541\Debug\u8x8_d_hd44102.o
 .debug_abbrev  0x000039c2      0x20c .\CortexM3\ARM_GCC_541\Debug\u8x8_d_il3820_296x128.o
 .debug_abbrev  0x00003bce      0x155 .\CortexM3\ARM_GCC_541\Debug\u8x8_d_ist3020.o
 .debug_abbrev  0x00003d23      0x1aa .\CortexM3\ARM_GCC_541\Debug\u8x8_d_ist3088.o
 .debug_abbrev  0x00003ecd      0x155 .\CortexM3\ARM_GCC_541\Debug\u8x8_d_ist7920.o
 .debug_abbrev  0x00004022      0x1a1 .\CortexM3\ARM_GCC_541\Debug\u8x8_d_ks0108.o
 .debug_abbrev  0x000041c3      0x21f .\CortexM3\ARM_GCC_541\Debug\u8x8_d_lc7981.o
 .debug_abbrev  0x000043e2      0x1c7 .\CortexM3\ARM_GCC_541\Debug\u8x8_d_ld7032_60x32.o
 .debug_abbrev  0x000045a9      0x1bf .\CortexM3\ARM_GCC_541\Debug\u8x8_d_ls013b7dh03.o
 .debug_abbrev  0x00004768      0x212 .\CortexM3\ARM_GCC_541\Debug\u8x8_d_max7219.o
 .debug_abbrev  0x0000497a      0x155 .\CortexM3\ARM_GCC_541\Debug\u8x8_d_pcd8544_84x48.o
 .debug_abbrev  0x00004acf      0x1ac .\CortexM3\ARM_GCC_541\Debug\u8x8_d_pcf8812.o
 .debug_abbrev  0x00004c7b      0x1ac .\CortexM3\ARM_GCC_541\Debug\u8x8_d_pcf8814_hx1230.o
 .debug_abbrev  0x00004e27      0x1c1 .\CortexM3\ARM_GCC_541\Debug\u8x8_d_s1d15e06.o
 .debug_abbrev  0x00004fe8      0x1c1 .\CortexM3\ARM_GCC_541\Debug\u8x8_d_s1d15721.o
 .debug_abbrev  0x000051a9      0x17c .\CortexM3\ARM_GCC_541\Debug\u8x8_d_sbn1661.o
 .debug_abbrev  0x00005325      0x214 .\CortexM3\ARM_GCC_541\Debug\u8x8_d_sed1330.o
 .debug_abbrev  0x00005539      0x1ac .\CortexM3\ARM_GCC_541\Debug\u8x8_d_sh1106_64x32.o
 .debug_abbrev  0x000056e5      0x1ac .\CortexM3\ARM_GCC_541\Debug\u8x8_d_sh1106_72x40.o
 .debug_abbrev  0x00005891      0x1ed .\CortexM3\ARM_GCC_541\Debug\u8x8_d_sh1107.o
 .debug_abbrev  0x00005a7e      0x1aa .\CortexM3\ARM_GCC_541\Debug\u8x8_d_sh1108.o
 .debug_abbrev  0x00005c28      0x219 .\CortexM3\ARM_GCC_541\Debug\u8x8_d_sh1122.o
 .debug_abbrev  0x00005e41      0x208 .\CortexM3\ARM_GCC_541\Debug\u8x8_d_ssd1305.o
 .debug_abbrev  0x00006049      0x1ac .\CortexM3\ARM_GCC_541\Debug\u8x8_d_ssd1306_48x64.o
 .debug_abbrev  0x000061f5      0x17d .\CortexM3\ARM_GCC_541\Debug\u8x8_d_ssd1306_64x32.o
 .debug_abbrev  0x00006372      0x1ac .\CortexM3\ARM_GCC_541\Debug\u8x8_d_ssd1306_64x48.o
 .debug_abbrev  0x0000651e      0x1ac .\CortexM3\ARM_GCC_541\Debug\u8x8_d_ssd1306_72x40.o
 .debug_abbrev  0x000066ca      0x1ac .\CortexM3\ARM_GCC_541\Debug\u8x8_d_ssd1306_96x16.o
 .debug_abbrev  0x00006876      0x1d4 .\CortexM3\ARM_GCC_541\Debug\u8x8_d_ssd1306_96x40.o
 .debug_abbrev  0x00006a4a      0x1c8 .\CortexM3\ARM_GCC_541\Debug\u8x8_d_ssd1306_128x32.o
 .debug_abbrev  0x00006c12      0x19c .\CortexM3\ARM_GCC_541\Debug\u8x8_d_ssd1306_128x64_noname.o
 .debug_abbrev  0x00006dae      0x1ac .\CortexM3\ARM_GCC_541\Debug\u8x8_d_ssd1306_2040x16.o
 .debug_abbrev  0x00006f5a      0x217 .\CortexM3\ARM_GCC_541\Debug\u8x8_d_ssd1309.o
 .debug_abbrev  0x00007171      0x1b8 .\CortexM3\ARM_GCC_541\Debug\u8x8_d_ssd1316.o
 .debug_abbrev  0x00007329      0x1aa .\CortexM3\ARM_GCC_541\Debug\u8x8_d_ssd1317.o
 .debug_abbrev  0x000074d3      0x18d .\CortexM3\ARM_GCC_541\Debug\u8x8_d_ssd1318.o
 .debug_abbrev  0x00007660      0x220 .\CortexM3\ARM_GCC_541\Debug\u8x8_d_ssd1320.o
 .debug_abbrev  0x00007880      0x269 .\CortexM3\ARM_GCC_541\Debug\u8x8_d_ssd1322.o
 .debug_abbrev  0x00007ae9      0x1fa .\CortexM3\ARM_GCC_541\Debug\u8x8_d_ssd1325.o
 .debug_abbrev  0x00007ce3      0x1ca .\CortexM3\ARM_GCC_541\Debug\u8x8_d_ssd1326.o
 .debug_abbrev  0x00007ead      0x1ec .\CortexM3\ARM_GCC_541\Debug\u8x8_d_ssd1327.o
 .debug_abbrev  0x00008099      0x232 .\CortexM3\ARM_GCC_541\Debug\u8x8_d_ssd1329.o
 .debug_abbrev  0x000082cb      0x244 .\CortexM3\ARM_GCC_541\Debug\u8x8_d_ssd1606_172x72.o
 .debug_abbrev  0x0000850f      0x20c .\CortexM3\ARM_GCC_541\Debug\u8x8_d_ssd1607_200x200.o
 .debug_abbrev  0x0000871b      0x155 .\CortexM3\ARM_GCC_541\Debug\u8x8_d_st7511.o
 .debug_abbrev  0x00008870      0x243 .\CortexM3\ARM_GCC_541\Debug\u8x8_d_st7528.o
 .debug_abbrev  0x00008ab3      0x247 .\CortexM3\ARM_GCC_541\Debug\u8x8_d_st7565.o
 .debug_abbrev  0x00008cfa      0x1d5 .\CortexM3\ARM_GCC_541\Debug\u8x8_d_st7567.o
 .debug_abbrev  0x00008ecf      0x1b8 .\CortexM3\ARM_GCC_541\Debug\u8x8_d_st7571.o
 .debug_abbrev  0x00009087      0x164 .\CortexM3\ARM_GCC_541\Debug\u8x8_d_st7586s_erc240160.o
 .debug_abbrev  0x000091eb      0x1c0 .\CortexM3\ARM_GCC_541\Debug\u8x8_d_st7586s_jlx384160.o
 .debug_abbrev  0x000093ab      0x1c0 .\CortexM3\ARM_GCC_541\Debug\u8x8_d_st7586s_s028hn118a.o
 .debug_abbrev  0x0000956b      0x164 .\CortexM3\ARM_GCC_541\Debug\u8x8_d_st7586s_ymc240160.o
 .debug_abbrev  0x000096cf      0x1aa .\CortexM3\ARM_GCC_541\Debug\u8x8_d_st7588.o
 .debug_abbrev  0x00009879      0x21a .\CortexM3\ARM_GCC_541\Debug\u8x8_d_st7920.o
 .debug_abbrev  0x00009a93      0x155 .\CortexM3\ARM_GCC_541\Debug\u8x8_d_st75160.o
 .debug_abbrev  0x00009be8      0x1ab .\CortexM3\ARM_GCC_541\Debug\u8x8_d_st75256.o
 .debug_abbrev  0x00009d93      0x1aa .\CortexM3\ARM_GCC_541\Debug\u8x8_d_st75320.o
 .debug_abbrev  0x00009f3d      0x1bf .\CortexM3\ARM_GCC_541\Debug\u8x8_d_stdio.o
 .debug_abbrev  0x0000a0fc      0x214 .\CortexM3\ARM_GCC_541\Debug\u8x8_d_t6963.o
 .debug_abbrev  0x0000a310      0x155 .\CortexM3\ARM_GCC_541\Debug\u8x8_d_uc1601.o
 .debug_abbrev  0x0000a465      0x155 .\CortexM3\ARM_GCC_541\Debug\u8x8_d_uc1604.o
 .debug_abbrev  0x0000a5ba      0x19e .\CortexM3\ARM_GCC_541\Debug\u8x8_d_uc1608.o
 .debug_abbrev  0x0000a758      0x164 .\CortexM3\ARM_GCC_541\Debug\u8x8_d_uc1609.o
 .debug_abbrev  0x0000a8bc      0x1d3 .\CortexM3\ARM_GCC_541\Debug\u8x8_d_uc1610.o
 .debug_abbrev  0x0000aa8f      0x228 .\CortexM3\ARM_GCC_541\Debug\u8x8_d_uc1611.o
 .debug_abbrev  0x0000acb7      0x21e .\CortexM3\ARM_GCC_541\Debug\u8x8_d_uc1617.o
 .debug_abbrev  0x0000aed5      0x19e .\CortexM3\ARM_GCC_541\Debug\u8x8_d_uc1638.o
 .debug_abbrev  0x0000b073      0x155 .\CortexM3\ARM_GCC_541\Debug\u8x8_d_uc1701_dogs102.o
 .debug_abbrev  0x0000b1c8      0x155 .\CortexM3\ARM_GCC_541\Debug\u8x8_d_uc1701_mini12864.o
 .debug_abbrev  0x0000b31d      0x196 .\CortexM3\ARM_GCC_541\Debug\u8x8_debounce.o
 .debug_abbrev  0x0000b4b3      0x1a7 .\CortexM3\ARM_GCC_541\Debug\u8x8_display.o
 .debug_abbrev  0x0000b65a       0xea .\CortexM3\ARM_GCC_541\Debug\u8x8_gpio.o
 .debug_abbrev  0x0000b744      0x147 .\CortexM3\ARM_GCC_541\Debug\u8x8_input_value.o
 .debug_abbrev  0x0000b88b      0x147 .\CortexM3\ARM_GCC_541\Debug\u8x8_message.o
 .debug_abbrev  0x0000b9d2      0x1e1 .\CortexM3\ARM_GCC_541\Debug\u8x8_selection_list.o
 .debug_abbrev  0x0000bbb3      0x160 .\CortexM3\ARM_GCC_541\Debug\u8x8_setup.o
 .debug_abbrev  0x0000bd13      0x1ee .\CortexM3\ARM_GCC_541\Debug\u8x8_string.o
 .debug_abbrev  0x0000bf01       0xd7 .\CortexM3\ARM_GCC_541\Debug\u8x8_u8toa.o
 .debug_abbrev  0x0000bfd8       0xe2 .\CortexM3\ARM_GCC_541\Debug\u8x8_u16toa.o
 .debug_abbrev  0x0000c0ba       0x5d .\CortexM3\ARM_GCC_541\Debug\u8x8_fontDisplay.o
 .debug_abbrev  0x0000c117      0x1de .\CortexM3\ARM_GCC_541\Debug\main.o
 .debug_abbrev  0x0000c2f5      0x20e .\CortexM3\ARM_GCC_541\Debug\cyfitter_cfg.o
 .debug_abbrev  0x0000c503       0x77 .\CortexM3\ARM_GCC_541\Debug\cymetadata.o
 .debug_abbrev  0x0000c57a      0x1f4 .\CortexM3\ARM_GCC_541\Debug\Cm3Start.o
 .debug_abbrev  0x0000c76e      0x3b0 .\CortexM3\ARM_GCC_541\Debug\Display_count.a(CyLib.o)
 .debug_abbrev  0x0000cb1e      0x1e0 .\CortexM3\ARM_GCC_541\Debug\Display_count.a(cyPm.o)
 .debug_abbrev  0x0000ccfe       0xe1 .\CortexM3\ARM_GCC_541\Debug\Display_count.a(I2C_DISPLAY.o)
 .debug_abbrev  0x0000cddf       0xb6 .\CortexM3\ARM_GCC_541\Debug\Display_count.a(I2C_DISPLAY_INT.o)
 .debug_abbrev  0x0000ce95      0x12d .\CortexM3\ARM_GCC_541\Debug\Display_count.a(I2C_DISPLAY_MASTER.o)
 .debug_abbrev  0x0000cfc2       0x14 .\CortexM3\ARM_GCC_541\Debug\Display_count.a(CyBootAsmGnu.o)
 .debug_abbrev  0x0000cfd6      0x235 .\CortexM3\ARM_GCC_541\Debug\Display_count.a(CyFlash.o)
 .debug_abbrev  0x0000d20b      0x1a2 .\CortexM3\ARM_GCC_541\Debug\Display_count.a(CySpc.o)

.debug_line     0x00000000    0x15635
 *(.debug_line)
 .debug_line    0x00000000      0x1f5 .\CortexM3\ARM_GCC_541\Debug\u8g2_bitmap.o
 .debug_line    0x000001f5      0x214 .\CortexM3\ARM_GCC_541\Debug\u8g2_box.o
 .debug_line    0x00000409      0x32b .\CortexM3\ARM_GCC_541\Debug\u8g2_buffer.o
 .debug_line    0x00000734      0x1ea .\CortexM3\ARM_GCC_541\Debug\u8g2_button.o
 .debug_line    0x0000091e      0x2fa .\CortexM3\ARM_GCC_541\Debug\u8g2_circle.o
 .debug_line    0x00000c18      0x178 .\CortexM3\ARM_GCC_541\Debug\u8g2_cleardisplay.o
 .debug_line    0x00000d90      0xd0d .\CortexM3\ARM_GCC_541\Debug\u8g2_d_memory.o
 .debug_line    0x00001a9d     0x4b35 .\CortexM3\ARM_GCC_541\Debug\u8g2_d_setup.o
 .debug_line    0x000065d2      0x7ef .\CortexM3\ARM_GCC_541\Debug\u8g2_font.o
 .debug_line    0x00006dc1      0x21c .\CortexM3\ARM_GCC_541\Debug\u8g2_hvline.o
 .debug_line    0x00006fdd      0x1d5 .\CortexM3\ARM_GCC_541\Debug\u8g2_input_value.o
 .debug_line    0x000071b2      0x192 .\CortexM3\ARM_GCC_541\Debug\u8g2_intersection.o
 .debug_line    0x00007344      0x1a9 .\CortexM3\ARM_GCC_541\Debug\u8g2_kerning.o
 .debug_line    0x000074ed      0x1bf .\CortexM3\ARM_GCC_541\Debug\u8g2_line.o
 .debug_line    0x000076ac      0x1ef .\CortexM3\ARM_GCC_541\Debug\u8g2_ll_hvline.o
 .debug_line    0x0000789b      0x1e4 .\CortexM3\ARM_GCC_541\Debug\u8g2_message.o
 .debug_line    0x00007a7f      0x2ac .\CortexM3\ARM_GCC_541\Debug\u8g2_polygon.o
 .debug_line    0x00007d2b      0x26d .\CortexM3\ARM_GCC_541\Debug\u8g2_selection_list.o
 .debug_line    0x00007f98      0x3ed .\CortexM3\ARM_GCC_541\Debug\u8g2_setup.o
 .debug_line    0x00008385      0x293 .\CortexM3\ARM_GCC_541\Debug\u8log.o
 .debug_line    0x00008618      0x1b0 .\CortexM3\ARM_GCC_541\Debug\u8log_u8g2.o
 .debug_line    0x000087c8      0x1a7 .\CortexM3\ARM_GCC_541\Debug\u8log_u8x8.o
 .debug_line    0x0000896f      0x42f .\CortexM3\ARM_GCC_541\Debug\u8x8_8x8.o
 .debug_line    0x00008d9e      0x48e .\CortexM3\ARM_GCC_541\Debug\u8x8_byte.o
 .debug_line    0x0000922c      0x575 .\CortexM3\ARM_GCC_541\Debug\u8x8_cad.o
 .debug_line    0x000097a1      0x20f .\CortexM3\ARM_GCC_541\Debug\u8x8_capture.o
 .debug_line    0x000099b0      0x1c0 .\CortexM3\ARM_GCC_541\Debug\u8x8_d_a2printer.o
 .debug_line    0x00009b70      0x1ae .\CortexM3\ARM_GCC_541\Debug\u8x8_d_gp1247ai.o
 .debug_line    0x00009d1e      0x1b0 .\CortexM3\ARM_GCC_541\Debug\u8x8_d_gp1287ai.o
 .debug_line    0x00009ece      0x1bb .\CortexM3\ARM_GCC_541\Debug\u8x8_d_gu800.o
 .debug_line    0x0000a089      0x2a0 .\CortexM3\ARM_GCC_541\Debug\u8x8_d_hd44102.o
 .debug_line    0x0000a329      0x1f4 .\CortexM3\ARM_GCC_541\Debug\u8x8_d_il3820_296x128.o
 .debug_line    0x0000a51d      0x19a .\CortexM3\ARM_GCC_541\Debug\u8x8_d_ist3020.o
 .debug_line    0x0000a6b7      0x1b2 .\CortexM3\ARM_GCC_541\Debug\u8x8_d_ist3088.o
 .debug_line    0x0000a869      0x19b .\CortexM3\ARM_GCC_541\Debug\u8x8_d_ist7920.o
 .debug_line    0x0000aa04      0x204 .\CortexM3\ARM_GCC_541\Debug\u8x8_d_ks0108.o
 .debug_line    0x0000ac08      0x209 .\CortexM3\ARM_GCC_541\Debug\u8x8_d_lc7981.o
 .debug_line    0x0000ae11      0x1d6 .\CortexM3\ARM_GCC_541\Debug\u8x8_d_ld7032_60x32.o
 .debug_line    0x0000afe7      0x1d1 .\CortexM3\ARM_GCC_541\Debug\u8x8_d_ls013b7dh03.o
 .debug_line    0x0000b1b8      0x208 .\CortexM3\ARM_GCC_541\Debug\u8x8_d_max7219.o
 .debug_line    0x0000b3c0      0x194 .\CortexM3\ARM_GCC_541\Debug\u8x8_d_pcd8544_84x48.o
 .debug_line    0x0000b554      0x18b .\CortexM3\ARM_GCC_541\Debug\u8x8_d_pcf8812.o
 .debug_line    0x0000b6df      0x18e .\CortexM3\ARM_GCC_541\Debug\u8x8_d_pcf8814_hx1230.o
 .debug_line    0x0000b86d      0x1a6 .\CortexM3\ARM_GCC_541\Debug\u8x8_d_s1d15e06.o
 .debug_line    0x0000ba13      0x1ad .\CortexM3\ARM_GCC_541\Debug\u8x8_d_s1d15721.o
 .debug_line    0x0000bbc0      0x19b .\CortexM3\ARM_GCC_541\Debug\u8x8_d_sbn1661.o
 .debug_line    0x0000bd5b      0x1e4 .\CortexM3\ARM_GCC_541\Debug\u8x8_d_sed1330.o
 .debug_line    0x0000bf3f      0x190 .\CortexM3\ARM_GCC_541\Debug\u8x8_d_sh1106_64x32.o
 .debug_line    0x0000c0cf      0x190 .\CortexM3\ARM_GCC_541\Debug\u8x8_d_sh1106_72x40.o
 .debug_line    0x0000c25f      0x2ad .\CortexM3\ARM_GCC_541\Debug\u8x8_d_sh1107.o
 .debug_line    0x0000c50c      0x198 .\CortexM3\ARM_GCC_541\Debug\u8x8_d_sh1108.o
 .debug_line    0x0000c6a4      0x1d8 .\CortexM3\ARM_GCC_541\Debug\u8x8_d_sh1122.o
 .debug_line    0x0000c87c      0x219 .\CortexM3\ARM_GCC_541\Debug\u8x8_d_ssd1305.o
 .debug_line    0x0000ca95      0x191 .\CortexM3\ARM_GCC_541\Debug\u8x8_d_ssd1306_48x64.o
 .debug_line    0x0000cc26      0x1d6 .\CortexM3\ARM_GCC_541\Debug\u8x8_d_ssd1306_64x32.o
 .debug_line    0x0000cdfc      0x191 .\CortexM3\ARM_GCC_541\Debug\u8x8_d_ssd1306_64x48.o
 .debug_line    0x0000cf8d      0x191 .\CortexM3\ARM_GCC_541\Debug\u8x8_d_ssd1306_72x40.o
 .debug_line    0x0000d11e      0x191 .\CortexM3\ARM_GCC_541\Debug\u8x8_d_ssd1306_96x16.o
 .debug_line    0x0000d2af      0x1dd .\CortexM3\ARM_GCC_541\Debug\u8x8_d_ssd1306_96x40.o
 .debug_line    0x0000d48c      0x1f1 .\CortexM3\ARM_GCC_541\Debug\u8x8_d_ssd1306_128x32.o
 .debug_line    0x0000d67d      0x277 .\CortexM3\ARM_GCC_541\Debug\u8x8_d_ssd1306_128x64_noname.o
 .debug_line    0x0000d8f4      0x193 .\CortexM3\ARM_GCC_541\Debug\u8x8_d_ssd1306_2040x16.o
 .debug_line    0x0000da87      0x212 .\CortexM3\ARM_GCC_541\Debug\u8x8_d_ssd1309.o
 .debug_line    0x0000dc99      0x1cd .\CortexM3\ARM_GCC_541\Debug\u8x8_d_ssd1316.o
 .debug_line    0x0000de66      0x19e .\CortexM3\ARM_GCC_541\Debug\u8x8_d_ssd1317.o
 .debug_line    0x0000e004      0x1d5 .\CortexM3\ARM_GCC_541\Debug\u8x8_d_ssd1318.o
 .debug_line    0x0000e1d9      0x25a .\CortexM3\ARM_GCC_541\Debug\u8x8_d_ssd1320.o
 .debug_line    0x0000e433      0x25a .\CortexM3\ARM_GCC_541\Debug\u8x8_d_ssd1322.o
 .debug_line    0x0000e68d      0x1fb .\CortexM3\ARM_GCC_541\Debug\u8x8_d_ssd1325.o
 .debug_line    0x0000e888      0x1bd .\CortexM3\ARM_GCC_541\Debug\u8x8_d_ssd1326.o
 .debug_line    0x0000ea45      0x29e .\CortexM3\ARM_GCC_541\Debug\u8x8_d_ssd1327.o
 .debug_line    0x0000ece3      0x220 .\CortexM3\ARM_GCC_541\Debug\u8x8_d_ssd1329.o
 .debug_line    0x0000ef03      0x1d5 .\CortexM3\ARM_GCC_541\Debug\u8x8_d_ssd1606_172x72.o
 .debug_line    0x0000f0d8      0x24f .\CortexM3\ARM_GCC_541\Debug\u8x8_d_ssd1607_200x200.o
 .debug_line    0x0000f327      0x199 .\CortexM3\ARM_GCC_541\Debug\u8x8_d_st7511.o
 .debug_line    0x0000f4c0      0x207 .\CortexM3\ARM_GCC_541\Debug\u8x8_d_st7528.o
 .debug_line    0x0000f6c7      0x30e .\CortexM3\ARM_GCC_541\Debug\u8x8_d_st7565.o
 .debug_line    0x0000f9d5      0x3bf .\CortexM3\ARM_GCC_541\Debug\u8x8_d_st7567.o
 .debug_line    0x0000fd94      0x1cf .\CortexM3\ARM_GCC_541\Debug\u8x8_d_st7571.o
 .debug_line    0x0000ff63      0x1c7 .\CortexM3\ARM_GCC_541\Debug\u8x8_d_st7586s_erc240160.o
 .debug_line    0x0001012a      0x1b9 .\CortexM3\ARM_GCC_541\Debug\u8x8_d_st7586s_jlx384160.o
 .debug_line    0x000102e3      0x1ba .\CortexM3\ARM_GCC_541\Debug\u8x8_d_st7586s_s028hn118a.o
 .debug_line    0x0001049d      0x1a6 .\CortexM3\ARM_GCC_541\Debug\u8x8_d_st7586s_ymc240160.o
 .debug_line    0x00010643      0x19b .\CortexM3\ARM_GCC_541\Debug\u8x8_d_st7588.o
 .debug_line    0x000107de      0x1f5 .\CortexM3\ARM_GCC_541\Debug\u8x8_d_st7920.o
 .debug_line    0x000109d3      0x193 .\CortexM3\ARM_GCC_541\Debug\u8x8_d_st75160.o
 .debug_line    0x00010b66      0x39b .\CortexM3\ARM_GCC_541\Debug\u8x8_d_st75256.o
 .debug_line    0x00010f01      0x1a2 .\CortexM3\ARM_GCC_541\Debug\u8x8_d_st75320.o
 .debug_line    0x000110a3      0x1e5 .\CortexM3\ARM_GCC_541\Debug\u8x8_d_stdio.o
 .debug_line    0x00011288      0x23c .\CortexM3\ARM_GCC_541\Debug\u8x8_d_t6963.o
 .debug_line    0x000114c4      0x1e3 .\CortexM3\ARM_GCC_541\Debug\u8x8_d_uc1601.o
 .debug_line    0x000116a7      0x1af .\CortexM3\ARM_GCC_541\Debug\u8x8_d_uc1604.o
 .debug_line    0x00011856      0x1ff .\CortexM3\ARM_GCC_541\Debug\u8x8_d_uc1608.o
 .debug_line    0x00011a55      0x196 .\CortexM3\ARM_GCC_541\Debug\u8x8_d_uc1609.o
 .debug_line    0x00011beb      0x1a9 .\CortexM3\ARM_GCC_541\Debug\u8x8_d_uc1610.o
 .debug_line    0x00011d94      0x293 .\CortexM3\ARM_GCC_541\Debug\u8x8_d_uc1611.o
 .debug_line    0x00012027      0x1ec .\CortexM3\ARM_GCC_541\Debug\u8x8_d_uc1617.o
 .debug_line    0x00012213      0x1cc .\CortexM3\ARM_GCC_541\Debug\u8x8_d_uc1638.o
 .debug_line    0x000123df      0x19e .\CortexM3\ARM_GCC_541\Debug\u8x8_d_uc1701_dogs102.o
 .debug_line    0x0001257d      0x1a2 .\CortexM3\ARM_GCC_541\Debug\u8x8_d_uc1701_mini12864.o
 .debug_line    0x0001271f      0x199 .\CortexM3\ARM_GCC_541\Debug\u8x8_debounce.o
 .debug_line    0x000128b8      0x292 .\CortexM3\ARM_GCC_541\Debug\u8x8_display.o
 .debug_line    0x00012b4a      0x15d .\CortexM3\ARM_GCC_541\Debug\u8x8_gpio.o
 .debug_line    0x00012ca7      0x1b2 .\CortexM3\ARM_GCC_541\Debug\u8x8_input_value.o
 .debug_line    0x00012e59      0x1de .\CortexM3\ARM_GCC_541\Debug\u8x8_message.o
 .debug_line    0x00013037      0x20e .\CortexM3\ARM_GCC_541\Debug\u8x8_selection_list.o
 .debug_line    0x00013245      0x1aa .\CortexM3\ARM_GCC_541\Debug\u8x8_setup.o
 .debug_line    0x000133ef      0x1ee .\CortexM3\ARM_GCC_541\Debug\u8x8_string.o
 .debug_line    0x000135dd      0x17e .\CortexM3\ARM_GCC_541\Debug\u8x8_u8toa.o
 .debug_line    0x0001375b      0x1a4 .\CortexM3\ARM_GCC_541\Debug\u8x8_u16toa.o
 .debug_line    0x000138ff      0x148 .\CortexM3\ARM_GCC_541\Debug\u8x8_fontDisplay.o
 .debug_line    0x00013a47      0x1dc .\CortexM3\ARM_GCC_541\Debug\main.o
 .debug_line    0x00013c23      0x19e .\CortexM3\ARM_GCC_541\Debug\cyfitter_cfg.o
 .debug_line    0x00013dc1      0x141 .\CortexM3\ARM_GCC_541\Debug\cymetadata.o
 .debug_line    0x00013f02      0x21f .\CortexM3\ARM_GCC_541\Debug\Cm3Start.o
 .debug_line    0x00014121      0x873 .\CortexM3\ARM_GCC_541\Debug\Display_count.a(CyLib.o)
 .debug_line    0x00014994      0x3c8 .\CortexM3\ARM_GCC_541\Debug\Display_count.a(cyPm.o)
 .debug_line    0x00014d5c       0xe3 .\CortexM3\ARM_GCC_541\Debug\Display_count.a(I2C_DISPLAY.o)
 .debug_line    0x00014e3f       0xe3 .\CortexM3\ARM_GCC_541\Debug\Display_count.a(I2C_DISPLAY_INT.o)
 .debug_line    0x00014f22      0x255 .\CortexM3\ARM_GCC_541\Debug\Display_count.a(I2C_DISPLAY_MASTER.o)
 .debug_line    0x00015177       0x66 .\CortexM3\ARM_GCC_541\Debug\Display_count.a(CyBootAsmGnu.o)
 .debug_line    0x000151dd      0x20c .\CortexM3\ARM_GCC_541\Debug\Display_count.a(CyFlash.o)
 .debug_line    0x000153e9      0x24c .\CortexM3\ARM_GCC_541\Debug\Display_count.a(CySpc.o)

.debug_frame    0x00000000     0xe2cc
 *(.debug_frame)
 .debug_frame   0x00000000      0x114 .\CortexM3\ARM_GCC_541\Debug\u8g2_bitmap.o
 .debug_frame   0x00000114      0x12c .\CortexM3\ARM_GCC_541\Debug\u8g2_box.o
 .debug_frame   0x00000240      0x18c .\CortexM3\ARM_GCC_541\Debug\u8g2_buffer.o
 .debug_frame   0x000003cc       0xac .\CortexM3\ARM_GCC_541\Debug\u8g2_button.o
 .debug_frame   0x00000478      0x1f8 .\CortexM3\ARM_GCC_541\Debug\u8g2_circle.o
 .debug_frame   0x00000670       0x30 .\CortexM3\ARM_GCC_541\Debug\u8g2_cleardisplay.o
 .debug_frame   0x000006a0      0xa90 .\CortexM3\ARM_GCC_541\Debug\u8g2_d_memory.o
 .debug_frame   0x00001130     0x7468 .\CortexM3\ARM_GCC_541\Debug\u8g2_d_setup.o
 .debug_frame   0x00008598      0x598 .\CortexM3\ARM_GCC_541\Debug\u8g2_font.o
 .debug_frame   0x00008b30       0xd8 .\CortexM3\ARM_GCC_541\Debug\u8g2_hvline.o
 .debug_frame   0x00008c08       0x48 .\CortexM3\ARM_GCC_541\Debug\u8g2_input_value.o
 .debug_frame   0x00008c50       0x50 .\CortexM3\ARM_GCC_541\Debug\u8g2_intersection.o
 .debug_frame   0x00008ca0       0x54 .\CortexM3\ARM_GCC_541\Debug\u8g2_kerning.o
 .debug_frame   0x00008cf4       0x44 .\CortexM3\ARM_GCC_541\Debug\u8g2_line.o
 .debug_frame   0x00008d38       0x58 .\CortexM3\ARM_GCC_541\Debug\u8g2_ll_hvline.o
 .debug_frame   0x00008d90       0x80 .\CortexM3\ARM_GCC_541\Debug\u8g2_message.o
 .debug_frame   0x00008e10      0x10c .\CortexM3\ARM_GCC_541\Debug\u8g2_polygon.o
 .debug_frame   0x00008f1c      0x110 .\CortexM3\ARM_GCC_541\Debug\u8g2_selection_list.o
 .debug_frame   0x0000902c      0x260 .\CortexM3\ARM_GCC_541\Debug\u8g2_setup.o
 .debug_frame   0x0000928c      0x19c .\CortexM3\ARM_GCC_541\Debug\u8log.o
 .debug_frame   0x00009428       0x64 .\CortexM3\ARM_GCC_541\Debug\u8log_u8g2.o
 .debug_frame   0x0000948c       0x8c .\CortexM3\ARM_GCC_541\Debug\u8log_u8x8.o
 .debug_frame   0x00009518      0x2a4 .\CortexM3\ARM_GCC_541\Debug\u8x8_8x8.o
 .debug_frame   0x000097bc      0x280 .\CortexM3\ARM_GCC_541\Debug\u8x8_byte.o
 .debug_frame   0x00009a3c      0x41c .\CortexM3\ARM_GCC_541\Debug\u8x8_cad.o
 .debug_frame   0x00009e58      0x100 .\CortexM3\ARM_GCC_541\Debug\u8x8_capture.o
 .debug_frame   0x00009f58       0x7c .\CortexM3\ARM_GCC_541\Debug\u8x8_d_a2printer.o
 .debug_frame   0x00009fd4       0x6c .\CortexM3\ARM_GCC_541\Debug\u8x8_d_gp1247ai.o
 .debug_frame   0x0000a040       0x6c .\CortexM3\ARM_GCC_541\Debug\u8x8_d_gp1287ai.o
 .debug_frame   0x0000a0ac       0x78 .\CortexM3\ARM_GCC_541\Debug\u8x8_d_gu800.o
 .debug_frame   0x0000a124       0xd0 .\CortexM3\ARM_GCC_541\Debug\u8x8_d_hd44102.o
 .debug_frame   0x0000a1f4       0xa0 .\CortexM3\ARM_GCC_541\Debug\u8x8_d_il3820_296x128.o
 .debug_frame   0x0000a294       0x38 .\CortexM3\ARM_GCC_541\Debug\u8x8_d_ist3020.o
 .debug_frame   0x0000a2cc       0x3c .\CortexM3\ARM_GCC_541\Debug\u8x8_d_ist3088.o
 .debug_frame   0x0000a308       0x38 .\CortexM3\ARM_GCC_541\Debug\u8x8_d_ist7920.o
 .debug_frame   0x0000a340       0x80 .\CortexM3\ARM_GCC_541\Debug\u8x8_d_ks0108.o
 .debug_frame   0x0000a3c0       0xdc .\CortexM3\ARM_GCC_541\Debug\u8x8_d_lc7981.o
 .debug_frame   0x0000a49c       0x8c .\CortexM3\ARM_GCC_541\Debug\u8x8_d_ld7032_60x32.o
 .debug_frame   0x0000a528       0xa4 .\CortexM3\ARM_GCC_541\Debug\u8x8_d_ls013b7dh03.o
 .debug_frame   0x0000a5cc       0xf8 .\CortexM3\ARM_GCC_541\Debug\u8x8_d_max7219.o
 .debug_frame   0x0000a6c4       0x38 .\CortexM3\ARM_GCC_541\Debug\u8x8_d_pcd8544_84x48.o
 .debug_frame   0x0000a6fc       0x38 .\CortexM3\ARM_GCC_541\Debug\u8x8_d_pcf8812.o
 .debug_frame   0x0000a734       0x38 .\CortexM3\ARM_GCC_541\Debug\u8x8_d_pcf8814_hx1230.o
 .debug_frame   0x0000a76c       0x58 .\CortexM3\ARM_GCC_541\Debug\u8x8_d_s1d15e06.o
 .debug_frame   0x0000a7c4       0x58 .\CortexM3\ARM_GCC_541\Debug\u8x8_d_s1d15721.o
 .debug_frame   0x0000a81c       0x48 .\CortexM3\ARM_GCC_541\Debug\u8x8_d_sbn1661.o
 .debug_frame   0x0000a864       0xc8 .\CortexM3\ARM_GCC_541\Debug\u8x8_d_sed1330.o
 .debug_frame   0x0000a92c       0x38 .\CortexM3\ARM_GCC_541\Debug\u8x8_d_sh1106_64x32.o
 .debug_frame   0x0000a964       0x38 .\CortexM3\ARM_GCC_541\Debug\u8x8_d_sh1106_72x40.o
 .debug_frame   0x0000a99c      0x140 .\CortexM3\ARM_GCC_541\Debug\u8x8_d_sh1107.o
 .debug_frame   0x0000aadc       0x38 .\CortexM3\ARM_GCC_541\Debug\u8x8_d_sh1108.o
 .debug_frame   0x0000ab14       0x78 .\CortexM3\ARM_GCC_541\Debug\u8x8_d_sh1122.o
 .debug_frame   0x0000ab8c       0xb8 .\CortexM3\ARM_GCC_541\Debug\u8x8_d_ssd1305.o
 .debug_frame   0x0000ac44       0x38 .\CortexM3\ARM_GCC_541\Debug\u8x8_d_ssd1306_48x64.o
 .debug_frame   0x0000ac7c       0x98 .\CortexM3\ARM_GCC_541\Debug\u8x8_d_ssd1306_64x32.o
 .debug_frame   0x0000ad14       0x38 .\CortexM3\ARM_GCC_541\Debug\u8x8_d_ssd1306_64x48.o
 .debug_frame   0x0000ad4c       0x38 .\CortexM3\ARM_GCC_541\Debug\u8x8_d_ssd1306_72x40.o
 .debug_frame   0x0000ad84       0x38 .\CortexM3\ARM_GCC_541\Debug\u8x8_d_ssd1306_96x16.o
 .debug_frame   0x0000adbc       0xa0 .\CortexM3\ARM_GCC_541\Debug\u8x8_d_ssd1306_96x40.o
 .debug_frame   0x0000ae5c       0xb8 .\CortexM3\ARM_GCC_541\Debug\u8x8_d_ssd1306_128x32.o
 .debug_frame   0x0000af14      0x118 .\CortexM3\ARM_GCC_541\Debug\u8x8_d_ssd1306_128x64_noname.o
 .debug_frame   0x0000b02c       0x38 .\CortexM3\ARM_GCC_541\Debug\u8x8_d_ssd1306_2040x16.o
 .debug_frame   0x0000b064       0xa0 .\CortexM3\ARM_GCC_541\Debug\u8x8_d_ssd1309.o
 .debug_frame   0x0000b104       0x78 .\CortexM3\ARM_GCC_541\Debug\u8x8_d_ssd1316.o
 .debug_frame   0x0000b17c       0x38 .\CortexM3\ARM_GCC_541\Debug\u8x8_d_ssd1317.o
 .debug_frame   0x0000b1b4       0x78 .\CortexM3\ARM_GCC_541\Debug\u8x8_d_ssd1318.o
 .debug_frame   0x0000b22c       0xf8 .\CortexM3\ARM_GCC_541\Debug\u8x8_d_ssd1320.o
 .debug_frame   0x0000b324       0xf8 .\CortexM3\ARM_GCC_541\Debug\u8x8_d_ssd1322.o
 .debug_frame   0x0000b41c       0xa8 .\CortexM3\ARM_GCC_541\Debug\u8x8_d_ssd1325.o
 .debug_frame   0x0000b4c4       0x48 .\CortexM3\ARM_GCC_541\Debug\u8x8_d_ssd1326.o
 .debug_frame   0x0000b50c      0x124 .\CortexM3\ARM_GCC_541\Debug\u8x8_d_ssd1327.o
 .debug_frame   0x0000b630       0xa4 .\CortexM3\ARM_GCC_541\Debug\u8x8_d_ssd1329.o
 .debug_frame   0x0000b6d4       0x70 .\CortexM3\ARM_GCC_541\Debug\u8x8_d_ssd1606_172x72.o
 .debug_frame   0x0000b744       0xe0 .\CortexM3\ARM_GCC_541\Debug\u8x8_d_ssd1607_200x200.o
 .debug_frame   0x0000b824       0x38 .\CortexM3\ARM_GCC_541\Debug\u8x8_d_st7511.o
 .debug_frame   0x0000b85c       0xd8 .\CortexM3\ARM_GCC_541\Debug\u8x8_d_st7528.o
 .debug_frame   0x0000b934      0x1e8 .\CortexM3\ARM_GCC_541\Debug\u8x8_d_st7565.o
 .debug_frame   0x0000bb1c      0x1b0 .\CortexM3\ARM_GCC_541\Debug\u8x8_d_st7567.o
 .debug_frame   0x0000bccc       0x78 .\CortexM3\ARM_GCC_541\Debug\u8x8_d_st7571.o
 .debug_frame   0x0000bd44       0x38 .\CortexM3\ARM_GCC_541\Debug\u8x8_d_st7586s_erc240160.o
 .debug_frame   0x0000bd7c       0x34 .\CortexM3\ARM_GCC_541\Debug\u8x8_d_st7586s_jlx384160.o
 .debug_frame   0x0000bdb0       0x34 .\CortexM3\ARM_GCC_541\Debug\u8x8_d_st7586s_s028hn118a.o
 .debug_frame   0x0000bde4       0x34 .\CortexM3\ARM_GCC_541\Debug\u8x8_d_st7586s_ymc240160.o
 .debug_frame   0x0000be18       0x38 .\CortexM3\ARM_GCC_541\Debug\u8x8_d_st7588.o
 .debug_frame   0x0000be50       0xcc .\CortexM3\ARM_GCC_541\Debug\u8x8_d_st7920.o
 .debug_frame   0x0000bf1c       0x38 .\CortexM3\ARM_GCC_541\Debug\u8x8_d_st75160.o
 .debug_frame   0x0000bf54      0x188 .\CortexM3\ARM_GCC_541\Debug\u8x8_d_st75256.o
 .debug_frame   0x0000c0dc       0x38 .\CortexM3\ARM_GCC_541\Debug\u8x8_d_st75320.o
 .debug_frame   0x0000c114       0x90 .\CortexM3\ARM_GCC_541\Debug\u8x8_d_stdio.o
 .debug_frame   0x0000c1a4      0x158 .\CortexM3\ARM_GCC_541\Debug\u8x8_d_t6963.o
 .debug_frame   0x0000c2fc       0x60 .\CortexM3\ARM_GCC_541\Debug\u8x8_d_uc1601.o
 .debug_frame   0x0000c35c       0x58 .\CortexM3\ARM_GCC_541\Debug\u8x8_d_uc1604.o
 .debug_frame   0x0000c3b4       0xb8 .\CortexM3\ARM_GCC_541\Debug\u8x8_d_uc1608.o
 .debug_frame   0x0000c46c       0x38 .\CortexM3\ARM_GCC_541\Debug\u8x8_d_uc1609.o
 .debug_frame   0x0000c4a4       0x3c .\CortexM3\ARM_GCC_541\Debug\u8x8_d_uc1610.o
 .debug_frame   0x0000c4e0       0xf8 .\CortexM3\ARM_GCC_541\Debug\u8x8_d_uc1611.o
 .debug_frame   0x0000c5d8       0x6c .\CortexM3\ARM_GCC_541\Debug\u8x8_d_uc1617.o
 .debug_frame   0x0000c644       0x78 .\CortexM3\ARM_GCC_541\Debug\u8x8_d_uc1638.o
 .debug_frame   0x0000c6bc       0x38 .\CortexM3\ARM_GCC_541\Debug\u8x8_d_uc1701_dogs102.o
 .debug_frame   0x0000c6f4       0x38 .\CortexM3\ARM_GCC_541\Debug\u8x8_d_uc1701_mini12864.o
 .debug_frame   0x0000c72c       0x38 .\CortexM3\ARM_GCC_541\Debug\u8x8_debounce.o
 .debug_frame   0x0000c764      0x1bc .\CortexM3\ARM_GCC_541\Debug\u8x8_display.o
 .debug_frame   0x0000c920       0x2c .\CortexM3\ARM_GCC_541\Debug\u8x8_gpio.o
 .debug_frame   0x0000c94c       0x48 .\CortexM3\ARM_GCC_541\Debug\u8x8_input_value.o
 .debug_frame   0x0000c994       0x70 .\CortexM3\ARM_GCC_541\Debug\u8x8_message.o
 .debug_frame   0x0000ca04       0xb4 .\CortexM3\ARM_GCC_541\Debug\u8x8_selection_list.o
 .debug_frame   0x0000cab8       0x80 .\CortexM3\ARM_GCC_541\Debug\u8x8_setup.o
 .debug_frame   0x0000cb38       0xa8 .\CortexM3\ARM_GCC_541\Debug\u8x8_string.o
 .debug_frame   0x0000cbe0       0x48 .\CortexM3\ARM_GCC_541\Debug\u8x8_u8toa.o
 .debug_frame   0x0000cc28       0x68 .\CortexM3\ARM_GCC_541\Debug\u8x8_u16toa.o
 .debug_frame   0x0000cc90       0x68 .\CortexM3\ARM_GCC_541\Debug\main.o
 .debug_frame   0x0000ccf8       0x48 .\CortexM3\ARM_GCC_541\Debug\cyfitter_cfg.o
 .debug_frame   0x0000cd40       0xb8 .\CortexM3\ARM_GCC_541\Debug\Cm3Start.o
 .debug_frame   0x0000cdf8      0x6f8 .\CortexM3\ARM_GCC_541\Debug\Display_count.a(CyLib.o)
 .debug_frame   0x0000d4f0      0x1c4 .\CortexM3\ARM_GCC_541\Debug\Display_count.a(cyPm.o)
 .debug_frame   0x0000d6b4       0x6c .\CortexM3\ARM_GCC_541\Debug\Display_count.a(I2C_DISPLAY.o)
 .debug_frame   0x0000d720       0x30 .\CortexM3\ARM_GCC_541\Debug\Display_count.a(I2C_DISPLAY_INT.o)
 .debug_frame   0x0000d750      0x124 .\CortexM3\ARM_GCC_541\Debug\Display_count.a(I2C_DISPLAY_MASTER.o)
 .debug_frame   0x0000d874      0x190 .\CortexM3\ARM_GCC_541\Debug\Display_count.a(CyFlash.o)
 .debug_frame   0x0000da04      0x190 .\CortexM3\ARM_GCC_541\Debug\Display_count.a(CySpc.o)
 .debug_frame   0x0000db94       0x20 c:/program files (x86)/cypress/psoc creator/4.4/psoc creator/import/gnu/arm/5.4.1/bin/../lib/gcc/arm-none-eabi/5.4.1/../../../../arm-none-eabi/lib/armv7-m\libg_nano.a(lib_a-errno.o)
 .debug_frame   0x0000dbb4       0x28 c:/program files (x86)/cypress/psoc creator/4.4/psoc creator/import/gnu/arm/5.4.1/bin/../lib/gcc/arm-none-eabi/5.4.1/../../../../arm-none-eabi/lib/armv7-m\libg_nano.a(lib_a-exit.o)
 .debug_frame   0x0000dbdc       0x2c c:/program files (x86)/cypress/psoc creator/4.4/psoc creator/import/gnu/arm/5.4.1/bin/../lib/gcc/arm-none-eabi/5.4.1/../../../../arm-none-eabi/lib/armv7-m\libg_nano.a(lib_a-init.o)
 .debug_frame   0x0000dc08       0x20 c:/program files (x86)/cypress/psoc creator/4.4/psoc creator/import/gnu/arm/5.4.1/bin/../lib/gcc/arm-none-eabi/5.4.1/../../../../arm-none-eabi/lib/armv7-m\libg_nano.a(lib_a-memset.o)
 .debug_frame   0x0000dc28       0x58 c:/program files (x86)/cypress/psoc creator/4.4/psoc creator/import/gnu/arm/5.4.1/bin/../lib/gcc/arm-none-eabi/5.4.1/../../../../arm-none-eabi/lib/armv7-m\libg_nano.a(lib_a-putchar.o)
 .debug_frame   0x0000dc80      0x11c c:/program files (x86)/cypress/psoc creator/4.4/psoc creator/import/gnu/arm/5.4.1/bin/../lib/gcc/arm-none-eabi/5.4.1/../../../../arm-none-eabi/lib/armv7-m\libg_nano.a(lib_a-findfp.o)
 .debug_frame   0x0000dd9c       0x54 c:/program files (x86)/cypress/psoc creator/4.4/psoc creator/import/gnu/arm/5.4.1/bin/../lib/gcc/arm-none-eabi/5.4.1/../../../../arm-none-eabi/lib/armv7-m\libg_nano.a(lib_a-fwalk.o)
 .debug_frame   0x0000ddf0       0x2c c:/program files (x86)/cypress/psoc creator/4.4/psoc creator/import/gnu/arm/5.4.1/bin/../lib/gcc/arm-none-eabi/5.4.1/../../../../arm-none-eabi/lib/armv7-m\libg_nano.a(lib_a-nano-mallocr.o)
 .debug_frame   0x0000de1c       0x48 c:/program files (x86)/cypress/psoc creator/4.4/psoc creator/import/gnu/arm/5.4.1/bin/../lib/gcc/arm-none-eabi/5.4.1/../../../../arm-none-eabi/lib/armv7-m\libg_nano.a(lib_a-putc.o)
 .debug_frame   0x0000de64       0x2c c:/program files (x86)/cypress/psoc creator/4.4/psoc creator/import/gnu/arm/5.4.1/bin/../lib/gcc/arm-none-eabi/5.4.1/../../../../arm-none-eabi/lib/armv7-m\libg_nano.a(lib_a-sbrkr.o)
 .debug_frame   0x0000de90       0x88 c:/program files (x86)/cypress/psoc creator/4.4/psoc creator/import/gnu/arm/5.4.1/bin/../lib/gcc/arm-none-eabi/5.4.1/../../../../arm-none-eabi/lib/armv7-m\libg_nano.a(lib_a-stdio.o)
 .debug_frame   0x0000df18       0x40 c:/program files (x86)/cypress/psoc creator/4.4/psoc creator/import/gnu/arm/5.4.1/bin/../lib/gcc/arm-none-eabi/5.4.1/../../../../arm-none-eabi/lib/armv7-m\libg_nano.a(lib_a-wbuf.o)
 .debug_frame   0x0000df58       0x2c c:/program files (x86)/cypress/psoc creator/4.4/psoc creator/import/gnu/arm/5.4.1/bin/../lib/gcc/arm-none-eabi/5.4.1/../../../../arm-none-eabi/lib/armv7-m\libg_nano.a(lib_a-writer.o)
 .debug_frame   0x0000df84       0x2c c:/program files (x86)/cypress/psoc creator/4.4/psoc creator/import/gnu/arm/5.4.1/bin/../lib/gcc/arm-none-eabi/5.4.1/../../../../arm-none-eabi/lib/armv7-m\libg_nano.a(lib_a-wsetup.o)
 .debug_frame   0x0000dfb0       0x2c c:/program files (x86)/cypress/psoc creator/4.4/psoc creator/import/gnu/arm/5.4.1/bin/../lib/gcc/arm-none-eabi/5.4.1/../../../../arm-none-eabi/lib/armv7-m\libg_nano.a(lib_a-closer.o)
 .debug_frame   0x0000dfdc       0x68 c:/program files (x86)/cypress/psoc creator/4.4/psoc creator/import/gnu/arm/5.4.1/bin/../lib/gcc/arm-none-eabi/5.4.1/../../../../arm-none-eabi/lib/armv7-m\libg_nano.a(lib_a-fflush.o)
 .debug_frame   0x0000e044       0x2c c:/program files (x86)/cypress/psoc creator/4.4/psoc creator/import/gnu/arm/5.4.1/bin/../lib/gcc/arm-none-eabi/5.4.1/../../../../arm-none-eabi/lib/armv7-m\libg_nano.a(lib_a-lseekr.o)
 .debug_frame   0x0000e070       0x54 c:/program files (x86)/cypress/psoc creator/4.4/psoc creator/import/gnu/arm/5.4.1/bin/../lib/gcc/arm-none-eabi/5.4.1/../../../../arm-none-eabi/lib/armv7-m\libg_nano.a(lib_a-makebuf.o)
 .debug_frame   0x0000e0c4       0x30 c:/program files (x86)/cypress/psoc creator/4.4/psoc creator/import/gnu/arm/5.4.1/bin/../lib/gcc/arm-none-eabi/5.4.1/../../../../arm-none-eabi/lib/armv7-m\libg_nano.a(lib_a-mlock.o)
 .debug_frame   0x0000e0f4       0x38 c:/program files (x86)/cypress/psoc creator/4.4/psoc creator/import/gnu/arm/5.4.1/bin/../lib/gcc/arm-none-eabi/5.4.1/../../../../arm-none-eabi/lib/armv7-m\libg_nano.a(lib_a-nano-freer.o)
 .debug_frame   0x0000e12c       0x2c c:/program files (x86)/cypress/psoc creator/4.4/psoc creator/import/gnu/arm/5.4.1/bin/../lib/gcc/arm-none-eabi/5.4.1/../../../../arm-none-eabi/lib/armv7-m\libg_nano.a(lib_a-readr.o)